Component: Arm Compiler for Embedded 6.22 Tool: armlink [5ee90200]

==============================================================================

Section Cross References

    startup.o(STACK) refers (Special) to heapauxi.o(.text) for __use_two_region_memory
    startup.o(HEAP) refers (Special) to heapauxi.o(.text) for __use_two_region_memory
    startup.o(RESET) refers (Special) to heapauxi.o(.text) for __use_two_region_memory
    startup.o(RESET) refers to startup.o(STACK) for StackMem
    startup.o(RESET) refers to moduletest.o(.text.GPIOPortF_Handler) for GPIOPortF_Handler
    startup.o(RESET) refers to __main.o(!!!main) for __main
    startup.o(.text) refers (Special) to heapauxi.o(.text) for __use_two_region_memory
    startup.o(.text) refers to startup.o(HEAP) for HeapMem
    startup.o(.text) refers to startup.o(STACK) for StackMem
    i2c.o(.ARM.exidx.text.I2C0_Init) refers to i2c.o(.text.I2C0_Init) for [Anonymous Symbol]
    i2c.o(.ARM.exidx.text.I2C0_Receive) refers to i2c.o(.text.I2C0_Receive) for [Anonymous Symbol]
    i2c.o(.ARM.exidx.text.I2C0_Transmit) refers to i2c.o(.text.I2C0_Transmit) for [Anonymous Symbol]
    i2c.o(.ARM.exidx.text.I2C0_Burst_Receive) refers to i2c.o(.text.I2C0_Burst_Receive) for [Anonymous Symbol]
    i2c.o(.ARM.exidx.text.I2C0_Burst_Transmit) refers to i2c.o(.text.I2C0_Burst_Transmit) for [Anonymous Symbol]
    uart0.o(.ARM.exidx.text.UART0_Init) refers to uart0.o(.text.UART0_Init) for [Anonymous Symbol]
    uart0.o(.text.UART0_OutCRLF) refers to uart0.o(.text.UART0_OutChar) for UART0_OutChar
    uart0.o(.ARM.exidx.text.UART0_OutCRLF) refers to uart0.o(.text.UART0_OutCRLF) for [Anonymous Symbol]
    uart0.o(.ARM.exidx.text.UART0_OutChar) refers to uart0.o(.text.UART0_OutChar) for [Anonymous Symbol]
    uart0.o(.ARM.exidx.text.UART0_InChar) refers to uart0.o(.text.UART0_InChar) for [Anonymous Symbol]
    uart0.o(.text.UART0_OutString) refers to uart0.o(.text.UART0_OutChar) for UART0_OutChar
    uart0.o(.ARM.exidx.text.UART0_OutString) refers to uart0.o(.text.UART0_OutString) for [Anonymous Symbol]
    uart0.o(.text.UART0_InString) refers to uart0.o(.text.UART0_InChar) for UART0_InChar
    uart0.o(.text.UART0_InString) refers to uart0.o(.text.UART0_OutChar) for UART0_OutChar
    uart0.o(.ARM.exidx.text.UART0_InString) refers to uart0.o(.text.UART0_InString) for [Anonymous Symbol]
    buttonled.o(.ARM.exidx.text.LED_Init) refers to buttonled.o(.text.LED_Init) for [Anonymous Symbol]
    buttonled.o(.ARM.exidx.text.BTN_Init) refers to buttonled.o(.text.BTN_Init) for [Anonymous Symbol]
    util.o(.ARM.exidx.text.WTIMER0_Init) refers to util.o(.text.WTIMER0_Init) for [Anonymous Symbol]
    util.o(.ARM.exidx.text.DELAY_1MS) refers to util.o(.text.DELAY_1MS) for [Anonymous Symbol]
    util.o(.ARM.exidx.text.map) refers to util.o(.text.map) for [Anonymous Symbol]
    mpu6050.o(.text.MPU6050_Init) refers to i2c.o(.text.I2C0_Receive) for I2C0_Receive
    mpu6050.o(.text.MPU6050_Init) refers to mpu6050.o(.rodata.str1.1) for .L.str
    mpu6050.o(.text.MPU6050_Init) refers to uart0.o(.text.UART0_OutString) for UART0_OutString
    mpu6050.o(.text.MPU6050_Init) refers to sprintf.o(.text) for sprintf
    mpu6050.o(.text.MPU6050_Init) refers to i2c.o(.text.I2C0_Transmit) for I2C0_Transmit
    mpu6050.o(.ARM.exidx.text.MPU6050_Init) refers to mpu6050.o(.text.MPU6050_Init) for [Anonymous Symbol]
    mpu6050.o(.ARM.exidx.text.MPU6050_Get_Accel) refers to mpu6050.o(.text.MPU6050_Get_Accel) for [Anonymous Symbol]
    mpu6050.o(.ARM.exidx.text.MPU6050_Get_Gyro) refers to mpu6050.o(.text.MPU6050_Get_Gyro) for [Anonymous Symbol]
    mpu6050.o(.text.MPU6050_Process_Accel) refers to i2c.o(.text.I2C0_Receive) for I2C0_Receive
    mpu6050.o(.text.MPU6050_Process_Accel) refers to fflt_clz.o(x$fpl$fflt) for __aeabi_i2f
    mpu6050.o(.text.MPU6050_Process_Accel) refers to f2d.o(x$fpl$f2d) for __aeabi_f2d
    mpu6050.o(.text.MPU6050_Process_Accel) refers to ddiv.o(x$fpl$ddiv) for __aeabi_ddiv
    mpu6050.o(.text.MPU6050_Process_Accel) refers to d2f.o(x$fpl$d2f) for __aeabi_d2f
    mpu6050.o(.ARM.exidx.text.MPU6050_Process_Accel) refers to mpu6050.o(.text.MPU6050_Process_Accel) for [Anonymous Symbol]
    mpu6050.o(.text.MPU6050_Process_Gyro) refers to i2c.o(.text.I2C0_Receive) for I2C0_Receive
    mpu6050.o(.text.MPU6050_Process_Gyro) refers to fflt_clz.o(x$fpl$fflt) for __aeabi_i2f
    mpu6050.o(.text.MPU6050_Process_Gyro) refers to f2d.o(x$fpl$f2d) for __aeabi_f2d
    mpu6050.o(.text.MPU6050_Process_Gyro) refers to ddiv.o(x$fpl$ddiv) for __aeabi_ddiv
    mpu6050.o(.text.MPU6050_Process_Gyro) refers to d2f.o(x$fpl$d2f) for __aeabi_d2f
    mpu6050.o(.ARM.exidx.text.MPU6050_Process_Gyro) refers to mpu6050.o(.text.MPU6050_Process_Gyro) for [Anonymous Symbol]
    mpu6050.o(.ARM.exidx.text.MPU6050_Get_Angle) refers to mpu6050.o(.text.MPU6050_Get_Angle) for [Anonymous Symbol]
    mpu6050.o(.text.MPU6050_Read_Reg) refers to i2c.o(.text.I2C0_Receive) for I2C0_Receive
[...]
    .ARM.Collect$$_printf_percent$$0000000C  0x0000036a   Section        6  _printf_x.o(.ARM.Collect$$_printf_percent$$0000000C)
    .ARM.Collect$$_printf_percent$$0000000D  0x00000370   Section        6  _printf_lli.o(.ARM.Collect$$_printf_percent$$0000000D)
    .ARM.Collect$$_printf_percent$$0000000E  0x00000376   Section        6  _printf_lld.o(.ARM.Collect$$_printf_percent$$0000000E)
    .ARM.Collect$$_printf_percent$$0000000F  0x0000037c   Section        6  _printf_llu.o(.ARM.Collect$$_printf_percent$$0000000F)
    .ARM.Collect$$_printf_percent$$00000010  0x00000382   Section        6  _printf_llo.o(.ARM.Collect$$_printf_percent$$00000010)
    .ARM.Collect$$_printf_percent$$00000011  0x00000388   Section        6  _printf_llx.o(.ARM.Collect$$_printf_percent$$00000011)
    .ARM.Collect$$_printf_percent$$00000012  0x0000038e   Section       10  _printf_l.o(.ARM.Collect$$_printf_percent$$00000012)
    .ARM.Collect$$_printf_percent$$00000013  0x00000398   Section        6  _printf_c.o(.ARM.Collect$$_printf_percent$$00000013)
    .ARM.Collect$$_printf_percent$$00000014  0x0000039e   Section        6  _printf_s.o(.ARM.Collect$$_printf_percent$$00000014)
    .ARM.Collect$$_printf_percent$$00000015  0x000003a4   Section        6  _printf_lc.o(.ARM.Collect$$_printf_percent$$00000015)
    .ARM.Collect$$_printf_percent$$00000016  0x000003aa   Section        6  _printf_ls.o(.ARM.Collect$$_printf_percent$$00000016)
    .ARM.Collect$$_printf_percent$$00000017  0x000003b0   Section        4  _printf_percent_end.o(.ARM.Collect$$_printf_percent$$00000017)
    .ARM.Collect$$libinit$$00000000          0x000003b4   Section        2  libinit.o(.ARM.Collect$$libinit$$00000000)
    .ARM.Collect$$libinit$$00000002          0x000003b6   Section        0  libinit2.o(.ARM.Collect$$libinit$$00000002)
    .ARM.Collect$$libinit$$00000004          0x000003b6   Section        0  libinit2.o(.ARM.Collect$$libinit$$00000004)
    .ARM.Collect$$libinit$$00000006          0x000003b6   Section        0  libinit2.o(.ARM.Collect$$libinit$$00000006)
    .ARM.Collect$$libinit$$0000000C          0x000003b6   Section        0  libinit2.o(.ARM.Collect$$libinit$$0000000C)
    .ARM.Collect$$libinit$$0000000E          0x000003b6   Section        0  libinit2.o(.ARM.Collect$$libinit$$0000000E)
    .ARM.Collect$$libinit$$00000010          0x000003b6   Section        0  libinit2.o(.ARM.Collect$$libinit$$00000010)
    .ARM.Collect$$libinit$$00000011          0x000003b6   Section        6  libinit2.o(.ARM.Collect$$libinit$$00000011)
    .ARM.Collect$$libinit$$00000013          0x000003bc   Section        0  libinit2.o(.ARM.Collect$$libinit$$00000013)
    .ARM.Collect$$libinit$$00000014          0x000003bc   Section       12  libinit2.o(.ARM.Collect$$libinit$$00000014)
    .ARM.Collect$$libinit$$00000015          0x000003c8   Section        0  libinit2.o(.ARM.Collect$$libinit$$00000015)
    .ARM.Collect$$libinit$$00000017          0x000003c8   Section        0  libinit2.o(.ARM.Collect$$libinit$$00000017)
    .ARM.Collect$$libinit$$00000018          0x000003c8   Section       10  libinit2.o(.ARM.Collect$$libinit$$00000018)
    .ARM.Collect$$libinit$$00000019          0x000003d2   Section        0  libinit2.o(.ARM.Collect$$libinit$$00000019)
    .ARM.Collect$$libinit$$0000001B          0x000003d2   Section        0  libinit2.o(.ARM.Collect$$libinit$$0000001B)
    .ARM.Collect$$libinit$$0000001D          0x000003d2   Section        0  libinit2.o(.ARM.Collect$$libinit$$0000001D)
    .ARM.Collect$$libinit$$0000001F          0x000003d2   Section        0  libinit2.o(.ARM.Collect$$libinit$$0000001F)
    .ARM.Collect$$libinit$$00000021          0x000003d2   Section        0  libinit2.o(.ARM.Collect$$libinit$$00000021)
    .ARM.Collect$$libinit$$00000023          0x000003d2   Section        0  libinit2.o(.ARM.Collect$$libinit$$00000023)
    .ARM.Collect$$libinit$$00000025          0x000003d2   Section        0  libinit2.o(.ARM.Collect$$libinit$$00000025)
    .ARM.Collect$$libinit$$00000027          0x000003d2   Section        0  libinit2.o(.ARM.Collect$$libinit$$00000027)
    .ARM.Collect$$libinit$$0000002E          0x000003d2   Section        0  libinit2.o(.ARM.Collect$$libinit$$0000002E)
    .ARM.Collect$$libinit$$00000030          0x000003d2   Section        0  libinit2.o(.ARM.Collect$$libinit$$00000030)
    .ARM.Collect$$libinit$$00000032          0x000003d2   Section        0  libinit2.o(.ARM.Collect$$libinit$$00000032)
    .ARM.Collect$$libinit$$00000034          0x000003d2   Section        0  libinit2.o(.ARM.Collect$$libinit$$00000034)
    .ARM.Collect$$libinit$$00000035          0x000003d2   Section        2  libinit2.o(.ARM.Collect$$libinit$$00000035)
    .ARM.Collect$$libshutdown$$00000000      0x000003d4   Section        2  libshutdown.o(.ARM.Collect$$libshutdown$$00000000)
    .ARM.Collect$$libshutdown$$00000002      0x000003d6   Section        0  libshutdown2.o(.ARM.Collect$$libshutdown$$00000002)
    .ARM.Collect$$libshutdown$$00000004      0x000003d6   Section        0  libshutdown2.o(.ARM.Collect$$libshutdown$$00000004)
    .ARM.Collect$$libshutdown$$00000007      0x000003d6   Section        0  libshutdown2.o(.ARM.Collect$$libshutdown$$00000007)
    .ARM.Collect$$libshutdown$$0000000A      0x000003d6   Section        0  libshutdown2.o(.ARM.Collect$$libshutdown$$0000000A)
    .ARM.Collect$$libshutdown$$0000000C      0x000003d6   Section        0  libshutdown2.o(.ARM.Collect$$libshutdown$$0000000C)
    .ARM.Collect$$libshutdown$$0000000F      0x000003d6   Section        0  libshutdown2.o(.ARM.Collect$$libshutdown$$0000000F)
    .ARM.Collect$$libshutdown$$00000010      0x000003d6   Section        2  libshutdown2.o(.ARM.Collect$$libshutdown$$00000010)
    .ARM.Collect$$rtentry$$00000000          0x000003d8   Section        0  __rtentry.o(.ARM.Collect$$rtentry$$00000000)
    .ARM.Collect$$rtentry$$00000002          0x000003d8   Section        0  __rtentry2.o(.ARM.Collect$$rtentry$$00000002)
    .ARM.Collect$$rtentry$$00000004          0x000003d8   Section        6  __rtentry4.o(.ARM.Collect$$rtentry$$00000004)
    .ARM.Collect$$rtentry$$00000009          0x000003de   Section        0  __rtentry2.o(.ARM.Collect$$rtentry$$00000009)
    .ARM.Collect$$rtentry$$0000000A          0x000003de   Section        4  __rtentry2.o(.ARM.Collect$$rtentry$$0000000A)
    .ARM.Collect$$rtentry$$0000000C          0x000003e2   Section        0  __rtentry2.o(.ARM.Collect$$rtentry$$0000000C)
    .ARM.Collect$$rtentry$$0000000D          0x000003e2   Section        8  __rtentry2.o(.ARM.Collect$$rtentry$$0000000D)
    .ARM.Collect$$rtexit$$00000000           0x000003ea   Section        2  rtexit.o(.ARM.Collect$$rtexit$$00000000)
    .ARM.Collect$$rtexit$$00000002           0x000003ec   Section        0  rtexit2.o(.ARM.Collect$$rtexit$$00000002)
    .ARM.Collect$$rtexit$$00000003           0x000003ec   Section        4  rtexit2.o(.ARM.Collect$$rtexit$$00000003)
    .ARM.Collect$$rtexit$$00000004           0x000003f0   Section        6  rtexit2.o(.ARM.Collect$$rtexit$$00000004)
    .text                                    0x000003f8   Section       48  startup.o(.text)
    .text                                    0x00000428   Section        0  sprintf.o(.text)
    .text                                    0x00000454   Section        0  strcpy.o(.text)
    .text                                    0x0000049c   Section        0  heapauxi.o(.text)
    .text                                    0x000004a2   Section        0  _printf_pad.o(.text)
    .text                                    0x000004f0   Section        0  _printf_truncate.o(.text)
    .text                                    0x00000514   Section        0  _printf_str.o(.text)
    .text                                    0x00000568   Section        0  _printf_dec.o(.text)
    .text                                    0x000005e0   Section        0  _printf_charcount.o(.text)
    _printf_input_char                       0x00000609   Thumb Code    10  _printf_char_common.o(.text)
    .text                                    0x00000608   Section        0  _printf_char_common.o(.text)
    .text                                    0x00000638   Section        0  _sputc.o(.text)
    .text                                    0x00000644   Section        0  _printf_wctomb.o(.text)
    .text                                    0x00000700   Section        0  _printf_longlong_dec.o(.text)
    _printf_longlong_oct_internal            0x0000077d   Thumb Code     0  _printf_oct_int_ll.o(.text)
    .text                                    0x0000077c   Section        0  _printf_oct_int_ll.o(.text)
    _printf_hex_common                       0x000007ed   Thumb Code     0  _printf_hex_int_ll_ptr.o(.text)
    .text                                    0x000007ec   Section        0  _printf_hex_int_ll_ptr.o(.text)
    .text                                    0x00000880   Section        0  __printf_flags_ss_wp.o(.text)
    .text                                    0x00000a08   Section      138  lludiv10.o(.text)
    .text                                    0x00000a92   Section        0  _printf_intcommon.o(.text)
    _fp_digits                               0x00000b45   Thumb Code   432  _printf_fp_dec.o(.text)
    .text                                    0x00000b44   Section        0  _printf_fp_dec.o(.text)
    .text                                    0x00000f60   Section        0  _printf_fp_hex.o(.text)
    .text                                    0x0000125c   Section        0  _printf_char.o(.text)
    .text                                    0x00001288   Section        0  _printf_wchar.o(.text)
    .text                                    0x000012b4   Section        0  _c16rtomb.o(.text)
    .text                                    0x000012fc   Section       74  sys_stackheap_outer.o(.text)
    .text                                    0x00001348   Section       16  rt_ctype_table.o(.text)
    .text                                    0x00001358   Section        8  rt_locale_intlibspace.o(.text)
    .text                                    0x00001360   Section        0  _printf_fp_infnan.o(.text)
    .text                                    0x000013e0   Section        0  bigflt0.o(.text)
    .text                                    0x000014c4   Section        0  exit.o(.text)
    .text                                    0x000014d8   Section        8  libspace.o(.text)
    .text                                    0x000014e0   Section      124  strcmpv7em.o(.text)
    .text                                    0x0000155c   Section        0  sys_exit.o(.text)
    .text                                    0x00001568   Section        2  use_no_semi.o(.text)
    .text                                    0x0000156a   Section        0  indicate_semi.o(.text)
    [Anonymous Symbol]                       0x0000156c   Section        0  buttonled.o(.text.BTN_Init)
    [Anonymous Symbol]                       0x00001688   Section        0  util.o(.text.DELAY_1MS)
    [Anonymous Symbol]                       0x000016d0   Section        0  tcs34727.o(.text.Detect_Color)
    [Anonymous Symbol]                       0x00001754   Section        0  moduletest.o(.text.GPIOPortF_Handler)
    [Anonymous Symbol]                       0x000018c0   Section        0  i2c.o(.text.I2C0_Init)
    [Anonymous Symbol]                       0x0000198c   Section        0  i2c.o(.text.I2C0_Receive)
    [Anonymous Symbol]                       0x00001a4c   Section        0  buttonled.o(.text.LED_Init)
    [Anonymous Symbol]                       0x00001ae8   Section        0  moduletest.o(.text.Module_Test)
    [Anonymous Symbol]                       0x00001b40   Section        0  tcs34727.o(.text.TCS34727_GET_RAW_BLUE)
    [Anonymous Symbol]                       0x00001b80   Section        0  tcs34727.o(.text.TCS34727_GET_RAW_CLEAR)
    [Anonymous Symbol]                       0x00001bc0   Section        0  tcs34727.o(.text.TCS34727_GET_RAW_GREEN)
    [Anonymous Symbol]                       0x00001c00   Section        0  tcs34727.o(.text.TCS34727_GET_RAW_RED)
    [Anonymous Symbol]                       0x00001c50   Section        0  tcs34727.o(.text.TCS34727_GET_RGB)
    Test_Delay                               0x00001d21   Thumb Code    36  moduletest.o(.text.Test_Delay)
    [Anonymous Symbol]                       0x00001d20   Section        0  moduletest.o(.text.Test_Delay)
    Test_Full_System                         0x00001d45   Thumb Code   108  moduletest.o(.text.Test_Full_System)
    [Anonymous Symbol]                       0x00001d44   Section        0  moduletest.o(.text.Test_Full_System)
    Test_I2C                                 0x00001db1   Thumb Code    60  moduletest.o(.text.Test_I2C)
    [Anonymous Symbol]                       0x00001db0   Section        0  moduletest.o(.text.Test_I2C)
    Test_LCD                                 0x00001ded   Thumb Code     2  moduletest.o(.text.Test_LCD)
    [Anonymous Symbol]                       0x00001dec   Section        0  moduletest.o(.text.Test_LCD)
    Test_MPU6050                             0x00001df1   Thumb Code    10  moduletest.o(.text.Test_MPU6050)
    [Anonymous Symbol]                       0x00001df0   Section        0  moduletest.o(.text.Test_MPU6050)
    Test_Servo                               0x00001dfd   Thumb Code     2  moduletest.o(.text.Test_Servo)
    [Anonymous Symbol]                       0x00001dfc   Section        0  moduletest.o(.text.Test_Servo)
    Test_TCS34727                            0x00001e01   Thumb Code   284  moduletest.o(.text.Test_TCS34727)
    [Anonymous Symbol]                       0x00001e00   Section        0  moduletest.o(.text.Test_TCS34727)
    Test_UART                                0x00001f1d   Thumb Code    92  moduletest.o(.text.Test_UART)
    [Anonymous Symbol]                       0x00001f1c   Section        0  moduletest.o(.text.Test_UART)
    [Anonymous Symbol]                       0x00001f78   Section        0  uart0.o(.text.UART0_Init)
    [Anonymous Symbol]                       0x00002014   Section        0  uart0.o(.text.UART0_OutCRLF)
    [Anonymous Symbol]                       0x00002024   Section        0  uart0.o(.text.UART0_OutChar)
    [Anonymous Symbol]                       0x00002054   Section        0  uart0.o(.text.UART0_OutString)
    [Anonymous Symbol]                       0x0000207c   Section        0  util.o(.text.WTIMER0_Init)
    [Anonymous Symbol]                       0x000020e8   Section        0  i2cmain.o(.text.main)
    CL$$btod_d2e                             0x000021ae   Section       62  btod.o(CL$$btod_d2e)
    CL$$btod_d2e_denorm_low                  0x000021ec   Section       70  btod.o(CL$$btod_d2e_denorm_low)
    CL$$btod_d2e_norm_op1                    0x00002232   Section       96  btod.o(CL$$btod_d2e_norm_op1)
    CL$$btod_div_common                      0x00002294   Section      824  btod.o(CL$$btod_div_common)
    CL$$btod_e2e                             0x000025cc   Section      220  btod.o(CL$$btod_e2e)
    CL$$btod_ediv                            0x000026a8   Section       42  btod.o(CL$$btod_ediv)
    CL$$btod_emul                            0x000026d2   Section       42  btod.o(CL$$btod_emul)
    CL$$btod_mult_common                     0x000026fc   Section      580  btod.o(CL$$btod_mult_common)
    i.__ARM_fpclassify                       0x00002940   Section        0  fpclassify.o(i.__ARM_fpclassify)
    i._is_digit                              0x00002968   Section        0  __printf_wp.o(i._is_digit)
    locale$$code                             0x00002978   Section       44  lc_numeric_c.o(locale$$code)
    locale$$code                             0x000029a4   Section       44  lc_ctype_c.o(locale$$code)
    x$fpl$dfix                               0x000029d0   Section       94  dfix.o(x$fpl$dfix)
    x$fpl$dmul                               0x00002a30   Section      340  dmul.o(x$fpl$dmul)
    x$fpl$dnaninf                            0x00002b84   Section      156  dnaninf.o(x$fpl$dnaninf)
    x$fpl$dretinf                            0x00002c20   Section       12  dretinf.o(x$fpl$dretinf)
    x$fpl$f2d                                0x00002c2c   Section       86  f2d.o(x$fpl$f2d)
    x$fpl$fcmp                               0x00002c82   Section       84  fcmp.o(x$fpl$fcmp)
    x$fpl$fcmpinf                            0x00002cd6   Section       24  fcmpi.o(x$fpl$fcmpinf)
    _fdiv1                                   0x00002cf1   Thumb Code     0  fdiv.o(x$fpl$fdiv)
    x$fpl$fdiv                               0x00002cf0   Section      388  fdiv.o(x$fpl$fdiv)
    x$fpl$feqf                               0x00002e74   Section      104  feqf.o(x$fpl$feqf)
    x$fpl$fflt                               0x00002edc   Section       48  fflt_clz.o(x$fpl$fflt)
    x$fpl$ffltu                              0x00002f0c   Section       38  fflt_clz.o(x$fpl$ffltu)
    x$fpl$fgeqf                              0x00002f34   Section      104  fgeqf.o(x$fpl$fgeqf)
    x$fpl$fleqf                              0x00002f9c   Section      104  fleqf.o(x$fpl$fleqf)
    x$fpl$fnaninf                            0x00003004   Section      140  fnaninf.o(x$fpl$fnaninf)
    x$fpl$fretinf                            0x00003090   Section       10  fretinf.o(x$fpl$fretinf)
    x$fpl$printf1                            0x0000309a   Section        4  printf1.o(x$fpl$printf1)
    x$fpl$printf2                            0x0000309e   Section        4  printf2.o(x$fpl$printf2)
    x$fpl$usenofp                            0x000030a2   Section        0  usenofp.o(x$fpl$usenofp)
    initial_mbstate                          0x000030a4   Data           8  _printf_wctomb.o(.constdata)
    .constdata                               0x000030a4   Section        8  _printf_wctomb.o(.constdata)
    uc_hextab                                0x000030ac   Data          20  _printf_hex_int_ll_ptr.o(.constdata)
    .constdata                               0x000030ac   Section       40  _printf_hex_int_ll_ptr.o(.constdata)
    lc_hextab                                0x000030c0   Data          20  _printf_hex_int_ll_ptr.o(.constdata)
    maptable                                 0x000030d4   Data          17  __printf_flags_ss_wp.o(.constdata)
    .constdata                               0x000030d4   Section       17  __printf_flags_ss_wp.o(.constdata)
    lc_hextab                                0x000030e5   Data          19  _printf_fp_hex.o(.constdata)
    .constdata                               0x000030e5   Section       38  _printf_fp_hex.o(.constdata)
    uc_hextab                                0x000030f8   Data          19  _printf_fp_hex.o(.constdata)
    tenpwrs_x                                0x0000310c   Data          60  bigflt0.o(.constdata)
    .constdata                               0x0000310c   Section      148  bigflt0.o(.constdata)
    tenpwrs_i                                0x00003148   Data          64  bigflt0.o(.constdata)
    .L.str.1                                 0x000031a8   Data          29  moduletest.o(.rodata.str1.1)
    [Anonymous Symbol]                       0x000031a8   Section        0  moduletest.o(.rodata.str1.1)
    .L.str                                   0x000031c5   Data          30  moduletest.o(.rodata.str1.1)
    .L.str.2                                 0x000031e3   Data          31  moduletest.o(.rodata.str1.1)
    .L.str.5                                 0x00003202   Data          16  moduletest.o(.rodata.str1.1)
    .L.str.9                                 0x00003212   Data           2  moduletest.o(.rodata.str1.1)
    .L.str.4                                 0x00003214   Data           4  moduletest.o(.rodata.str1.1)
    .L.str.10                                0x00003218   Data           4  moduletest.o(.rodata.str1.1)
    .L.str.7                                 0x0000321c   Data           9  moduletest.o(.rodata.str1.1)
    .L.str.8                                 0x00003225   Data           9  moduletest.o(.rodata.str1.1)
    .L.str.6                                 0x0000322e   Data           9  moduletest.o(.rodata.str1.1)
    .L.str.11                                0x00003237   Data          12  moduletest.o(.rodata.str1.1)
    .L.str.3                                 0x00003243   Data          48  moduletest.o(.rodata.str1.1)
    .L.str.12                                0x00003273   Data           9  moduletest.o(.rodata.str1.1)
    .L.str.5                                 0x0000327c   Data          30  i2cmain.o(.rodata.str1.1)
    [Anonymous Symbol]                       0x0000327c   Section        0  i2cmain.o(.rodata.str1.1)
    .L.str.4                                 0x0000329a   Data          18  i2cmain.o(.rodata.str1.1)
    .L.str.1                                 0x000032ac   Data          18  i2cmain.o(.rodata.str1.1)
    .L.str.2                                 0x000032be   Data          18  i2cmain.o(.rodata.str1.1)
    .L.str                                   0x000032d0   Data          19  i2cmain.o(.rodata.str1.1)
    .L.str.3                                 0x000032e3   Data          25  i2cmain.o(.rodata.str1.1)
    locale$$data                             0x0000331c   Section       28  lc_numeric_c.o(locale$$data)
    __lcnum_c_name                           0x00003320   Data           2  lc_numeric_c.o(locale$$data)
    __lcnum_c_start                          0x00003328   Data           0  lc_numeric_c.o(locale$$data)
    __lcnum_c_point                          0x00003334   Data           0  lc_numeric_c.o(locale$$data)
    __lcnum_c_thousands                      0x00003336   Data           0  lc_numeric_c.o(locale$$data)
    __lcnum_c_grouping                       0x00003337   Data           0  lc_numeric_c.o(locale$$data)
    __lcnum_c_end                            0x00003338   Data           0  lc_numeric_c.o(locale$$data)
    locale$$data                             0x00003338   Section      272  lc_ctype_c.o(locale$$data)
    __lcctype_c_name                         0x0000333c   Data           2  lc_ctype_c.o(locale$$data)
    __lcctype_c_start                        0x00003344   Data           0  lc_ctype_c.o(locale$$data)
    __lcctype_c_end                          0x00003448   Data           0  lc_ctype_c.o(locale$$data)
    .bss                                     0x20000008   Section       96  libspace.o(.bss)
    angleBuf                                 0x20000088   Data          50  moduletest.o(.bss.angleBuf)
    [Anonymous Symbol]                       0x20000088   Section        0  moduletest.o(.bss.angleBuf)
    colorBuf                                 0x200000ba   Data          50  moduletest.o(.bss.colorBuf)
    [Anonymous Symbol]                       0x200000ba   Section        0  moduletest.o(.bss.colorBuf)
    colorString                              0x200000ec   Data           6  moduletest.o(.bss.colorString)
    [Anonymous Symbol]                       0x200000ec   Section        0  moduletest.o(.bss.colorString)
    printBuf                                 0x200000f3   Data         100  moduletest.o(.bss.printBuf)
    [Anonymous Symbol]                       0x200000f3   Section        0  moduletest.o(.bss.printBuf)
    HeapMem                                  0x20000158   Data           0  startup.o(HEAP)
    StackMem                                 0x20000158   Data           0  startup.o(STACK)
    HEAP                                     0x20000158   Section        0  startup.o(HEAP)
    STACK                                    0x20000158   Section     1024  startup.o(STACK)

    Global Symbols

    Symbol Name                              Value     Ov Type        Size  Object(Section)

    BuildAttributes$$THM_ISAv4$E$P$D$K$B$S$7EM$PE$A:L22UL41UL21$X:L11$S22US41US21$IEEE1$IW$~IW$USESV6$~STKCKD$USESV7$~SHL$OTIME$ROPI$IEEEJ$EBA8$UX$STANDARDLIB$REQ8$PRES8$EABIv2 0x00000000   Number         0  anon$$obj.o ABSOLUTE
    __Vectors                                0x00000000   Data           0  startup.o(RESET)
    __fp_init_empty                          0x00000000   Number         0  fpinit_empty.o ABSOLUTE
    _printf_flags                            0x00000000   Number         0  printf_stubs.o ABSOLUTE
    _printf_return_value                     0x00000000   Number         0  printf_stubs.o ABSOLUTE
    _printf_sizespec                         0x00000000   Number         0  printf_stubs.o ABSOLUTE
    _printf_widthprec                        0x00000000   Number         0  printf_stubs.o ABSOLUTE
    __ARM_exceptions_init                     - Undefined Weak Reference
    __alloca_initialize                       - Undefined Weak Reference
    __arm_preinit_                            - Undefined Weak Reference
    __arm_relocate_pie_                       - Undefined Weak Reference
    __cpp_initialize__aeabi_                  - Undefined Weak Reference
    __cxa_finalize                            - Undefined Weak Reference
    __sigvec_lookup                           - Undefined Weak Reference
    _atexit_init                              - Undefined Weak Reference
    _call_atexit_fns                          - Undefined Weak Reference
    _clock_init                               - Undefined Weak Reference
    _fp_trap_init                             - Undefined Weak Reference
    _fp_trap_shutdown                         - Undefined Weak Reference
    _get_lc_collate                           - Undefined Weak Reference
    _get_lc_monetary                          - Undefined Weak Reference
    _get_lc_time                              - Undefined Weak Reference
    _getenv_init                              - Undefined Weak Reference
    _handle_redirection                       - Undefined Weak Reference
    _init_alloc                               - Undefined Weak Reference
    _init_user_alloc                          - Undefined Weak Reference
    _initio                                   - Undefined Weak Reference
    _printf_mbtowc                            - Undefined Weak Reference
    _printf_wc                                - Undefined Weak Reference
    _rand_init                                - Undefined Weak Reference
    _signal_finish                            - Undefined Weak Reference
    _signal_init                              - Undefined Weak Reference
    _terminate_alloc                          - Undefined Weak Reference
    _terminate_user_alloc                     - Undefined Weak Reference
    _terminateio                              - Undefined Weak Reference
    Reset_Handler                            0x0000026d   Thumb Code     0  startup.o(RESET)
    NMI_Handler                              0x00000271   Thumb Code     2  startup.o(RESET)
    HardFault_Handler                        0x00000273   Thumb Code     2  startup.o(RESET)
    MemManage_Handler                        0x00000275   Thumb Code     2  startup.o(RESET)
    BusFault_Handler                         0x00000277   Thumb Code     2  startup.o(RESET)
    UsageFault_Handler                       0x00000279   Thumb Code     2  startup.o(RESET)
    SVC_Handler                              0x0000027b   Thumb Code     2  startup.o(RESET)
    DebugMon_Handler                         0x0000027d   Thumb Code     2  startup.o(RESET)
    PendSV_Handler                           0x0000027f   Thumb Code     2  startup.o(RESET)
    SysTick_Handler                          0x00000281   Thumb Code     2  startup.o(RESET)
    ADC0Seq0_Handler                         0x00000283   Thumb Code     0  startup.o(RESET)
    ADC0Seq1_Handler                         0x00000283   Thumb Code     0  startup.o(RESET)
    ADC0Seq2_Handler                         0x00000283   Thumb Code     0  startup.o(RESET)
    ADC0Seq3_Handler                         0x00000283   Thumb Code     0  startup.o(RESET)
    ADC1Seq0_Handler                         0x00000283   Thumb Code     0  startup.o(RESET)
    ADC1Seq1_Handler                         0x00000283   Thumb Code     0  startup.o(RESET)
    ADC1Seq2_Handler                         0x00000283   Thumb Code     0  startup.o(RESET)
    ADC1Seq3_Handler                         0x00000283   Thumb Code     0  startup.o(RESET)
    CAN0_Handler                             0x00000283   Thumb Code     0  startup.o(RESET)
    CAN1_Handler                             0x00000283   Thumb Code     0  startup.o(RESET)
    CAN2_Handler                             0x00000283   Thumb Code     0  startup.o(RESET)
    Comp0_Handler                            0x00000283   Thumb Code     0  startup.o(RESET)
    Comp1_Handler                            0x00000283   Thumb Code     0  startup.o(RESET)
    Comp2_Handler                            0x00000283   Thumb Code     0  startup.o(RESET)
    Ethernet_Handler                         0x00000283   Thumb Code     0  startup.o(RESET)
    ExtBus_Handler                           0x00000283   Thumb Code     0  startup.o(RESET)
    FPU_Handler                              0x00000283   Thumb Code     0  startup.o(RESET)
    Fan0_Handler                             0x00000283   Thumb Code     0  startup.o(RESET)
    FlashCtl_Handler                         0x00000283   Thumb Code     0  startup.o(RESET)
    GPIOPortA_Handler                        0x00000283   Thumb Code     0  startup.o(RESET)
    GPIOPortB_Handler                        0x00000283   Thumb Code     0  startup.o(RESET)
    GPIOPortC_Handler                        0x00000283   Thumb Code     0  startup.o(RESET)
    GPIOPortD_Handler                        0x00000283   Thumb Code     0  startup.o(RESET)
    GPIOPortE_Handler                        0x00000283   Thumb Code     0  startup.o(RESET)
    GPIOPortG_Handler                        0x00000283   Thumb Code     0  startup.o(RESET)
    GPIOPortH_Handler                        0x00000283   Thumb Code     0  startup.o(RESET)
    GPIOPortJ_Handler                        0x00000283   Thumb Code     0  startup.o(RESET)
    GPIOPortK_Handler                        0x00000283   Thumb Code     0  startup.o(RESET)
    GPIOPortL_Handler                        0x00000283   Thumb Code     0  startup.o(RESET)
    GPIOPortM_Handler                        0x00000283   Thumb Code     0  startup.o(RESET)
    GPIOPortN_Handler                        0x00000283   Thumb Code     0  startup.o(RESET)
    GPIOPortP1_Handler                       0x00000283   Thumb Code     0  startup.o(RESET)
    GPIOPortP2_Handler                       0x00000283   Thumb Code     0  startup.o(RESET)
    GPIOPortP3_Handler                       0x00000283   Thumb Code     0  startup.o(RESET)
    GPIOPortP4_Handler                       0x00000283   Thumb Code     0  startup.o(RESET)
    GPIOPortP5_Handler                       0x00000283   Thumb Code     0  startup.o(RESET)
    GPIOPortP6_Handler                       0x00000283   Thumb Code     0  startup.o(RESET)
    GPIOPortP7_Handler                       0x00000283   Thumb Code     0  startup.o(RESET)
    GPIOPortP_Handler                        0x00000283   Thumb Code     0  startup.o(RESET)
    GPIOPortQ1_Handler                       0x00000283   Thumb Code     0  startup.o(RESET)
    GPIOPortQ2_Handler                       0x00000283   Thumb Code     0  startup.o(RESET)
    GPIOPortQ3_Handler                       0x00000283   Thumb Code     0  startup.o(RESET)
    GPIOPortQ4_Handler                       0x00000283   Thumb Code     0  startup.o(RESET)
    GPIOPortQ5_Handler                       0x00000283   Thumb Code     0  startup.o(RESET)
    GPIOPortQ6_Handler                       0x00000283   Thumb Code     0  startup.o(RESET)
    GPIOPortQ7_Handler                       0x00000283   Thumb Code     0  startup.o(RESET)
    GPIOPortQ_Handler                        0x00000283   Thumb Code     0  startup.o(RESET)
    GPIOPortR_Handler                        0x00000283   Thumb Code     0  startup.o(RESET)
    GPIOPortS_Handler                        0x00000283   Thumb Code     0  startup.o(RESET)
    Hibernate_Handler                        0x00000283   Thumb Code     0  startup.o(RESET)
    I2C0_Handler                             0x00000283   Thumb Code     0  startup.o(RESET)
    I2C1_Handler                             0x00000283   Thumb Code     0  startup.o(RESET)
    I2C2_Handler                             0x00000283   Thumb Code     0  startup.o(RESET)
    I2C3_Handler                             0x00000283   Thumb Code     0  startup.o(RESET)
    I2C4_Handler                             0x00000283   Thumb Code     0  startup.o(RESET)
    I2C5_Handler                             0x00000283   Thumb Code     0  startup.o(RESET)
    I2S0_Handler                             0x00000283   Thumb Code     0  startup.o(RESET)
    LPC0_Handler                             0x00000283   Thumb Code     0  startup.o(RESET)
    PECI0_Handler                            0x00000283   Thumb Code     0  startup.o(RESET)
    PWM0Fault_Handler                        0x00000283   Thumb Code     0  startup.o(RESET)
    PWM0Generator0_Handler                   0x00000283   Thumb Code     0  startup.o(RESET)
    PWM0Generator1_Handler                   0x00000283   Thumb Code     0  startup.o(RESET)
    PWM0Generator2_Handler                   0x00000283   Thumb Code     0  startup.o(RESET)
    PWM0Generator3_Handler                   0x00000283   Thumb Code     0  startup.o(RESET)
    PWM1Fault_Handler                        0x00000283   Thumb Code     0  startup.o(RESET)
    PWM1Generator0_Handler                   0x00000283   Thumb Code     0  startup.o(RESET)
    PWM1Generator1_Handler                   0x00000283   Thumb Code     0  startup.o(RESET)
    PWM1Generator2_Handler                   0x00000283   Thumb Code     0  startup.o(RESET)
    PWM1Generator3_Handler                   0x00000283   Thumb Code     0  startup.o(RESET)
    Quadrature0_Handler                      0x00000283   Thumb Code     0  startup.o(RESET)
    Quadrature1_Handler                      0x00000283   Thumb Code     0  startup.o(RESET)
    Quadrature2_Handler                      0x00000283   Thumb Code     0  startup.o(RESET)
    SSI0_Handler                             0x00000283   Thumb Code     0  startup.o(RESET)
    SSI1_Handler                             0x00000283   Thumb Code     0  startup.o(RESET)
    SSI2_Handler                             0x00000283   Thumb Code     0  startup.o(RESET)
    SSI3_Handler                             0x00000283   Thumb Code     0  startup.o(RESET)
    SysCtl_Handler                           0x00000283   Thumb Code     0  startup.o(RESET)
    Timer0A_Handler                          0x00000283   Thumb Code     0  startup.o(RESET)
    Timer0B_Handler                          0x00000283   Thumb Code     0  startup.o(RESET)
    Timer1A_Handler                          0x00000283   Thumb Code     0  startup.o(RESET)
    Timer1B_Handler                          0x00000283   Thumb Code     0  startup.o(RESET)
    Timer2A_Handler                          0x00000283   Thumb Code     0  startup.o(RESET)
    Timer2B_Handler                          0x00000283   Thumb Code     0  startup.o(RESET)
    Timer3A_Handler                          0x00000283   Thumb Code     0  startup.o(RESET)
    Timer3B_Handler                          0x00000283   Thumb Code     0  startup.o(RESET)
    Timer4A_Handler                          0x00000283   Thumb Code     0  startup.o(RESET)
    Timer4B_Handler                          0x00000283   Thumb Code     0  startup.o(RESET)
    Timer5A_Handler                          0x00000283   Thumb Code     0  startup.o(RESET)
    Timer5B_Handler                          0x00000283   Thumb Code     0  startup.o(RESET)
    UART0_Handler                            0x00000283   Thumb Code     0  startup.o(RESET)
    UART1_Handler                            0x00000283   Thumb Code     0  startup.o(RESET)
    UART2_Handler                            0x00000283   Thumb Code     0  startup.o(RESET)
    UART3_Handler                            0x00000283   Thumb Code     0  startup.o(RESET)
    UART4_Handler                            0x00000283   Thumb Code     0  startup.o(RESET)
    UART5_Handler                            0x00000283   Thumb Code     0  startup.o(RESET)
    UART6_Handler                            0x00000283   Thumb Code     0  startup.o(RESET)
    UART7_Handler                            0x00000283   Thumb Code     0  startup.o(RESET)
    USB0_Handler                             0x00000283   Thumb Code     0  startup.o(RESET)
    WDT_Handler                              0x00000283   Thumb Code     0  startup.o(RESET)
    WideTimer0A_Handler                      0x00000283   Thumb Code     0  startup.o(RESET)
    WideTimer0B_Handler                      0x00000283   Thumb Code     0  startup.o(RESET)
    WideTimer1A_Handler                      0x00000283   Thumb Code     0  startup.o(RESET)
    WideTimer1B_Handler                      0x00000283   Thumb Code     0  startup.o(RESET)
    WideTimer2A_Handler                      0x00000283   Thumb Code     0  startup.o(RESET)
    WideTimer2B_Handler                      0x00000283   Thumb Code     0  startup.o(RESET)
    WideTimer3A_Handler                      0x00000283   Thumb Code     0  startup.o(RESET)
    WideTimer3B_Handler                      0x00000283   Thumb Code     0  startup.o(RESET)
    WideTimer4A_Handler                      0x00000283   Thumb Code     0  startup.o(RESET)
    WideTimer4B_Handler                      0x00000283   Thumb Code     0  startup.o(RESET)
    WideTimer5A_Handler                      0x00000283   Thumb Code     0  startup.o(RESET)
    WideTimer5B_Handler                      0x00000283   Thumb Code     0  startup.o(RESET)
    uDMA_Error                               0x00000283   Thumb Code     0  startup.o(RESET)
    uDMA_Handler                             0x00000283   Thumb Code     0  startup.o(RESET)
    __main                                   0x00000285   Thumb Code     8  __main.o(!!!main)
    __scatterload                            0x0000028d   Thumb Code     0  __scatter.o(!!!scatter)
    __scatterload_rt2                        0x0000028d   Thumb Code    84  __scatter.o(!!!scatter)
    __scatterload_rt2_thumb_only             0x0000028d   Thumb Code     0  __scatter.o(!!!scatter)
    __scatterload_loop                       0x00000297   Thumb Code     0  __scatter.o(!!!scatter)
    __scatterload_copy                       0x000002e9   Thumb Code    26  __scatter_copy.o(!!handler_copy)
    __scatterload_null                       0x00000305   Thumb Code     2  __scatter.o(!!handler_null)
    __scatterload_zeroinit                   0x00000309   Thumb Code    28  __scatter_zi.o(!!handler_zi)
    _printf_n                                0x00000325   Thumb Code     0  _printf_n.o(.ARM.Collect$$_printf_percent$$00000001)
    _printf_percent                          0x00000325   Thumb Code     0  _printf_percent.o(.ARM.Collect$$_printf_percent$$00000000)
    _printf_p                                0x0000032b   Thumb Code     0  _printf_p.o(.ARM.Collect$$_printf_percent$$00000002)
    _printf_f                                0x00000331   Thumb Code     0  _printf_f.o(.ARM.Collect$$_printf_percent$$00000003)
    _printf_e                                0x00000337   Thumb Code     0  _printf_e.o(.ARM.Collect$$_printf_percent$$00000004)
    _printf_g                                0x0000033d   Thumb Code     0  _printf_g.o(.ARM.Collect$$_printf_percent$$00000005)
    _printf_a                                0x00000343   Thumb Code     0  _printf_a.o(.ARM.Collect$$_printf_percent$$00000006)
    _printf_ll                               0x00000349   Thumb Code     0  _printf_ll.o(.ARM.Collect$$_printf_percent$$00000007)
    _printf_i                                0x00000353   Thumb Code     0  _printf_i.o(.ARM.Collect$$_printf_percent$$00000008)
    _printf_d                                0x00000359   Thumb Code     0  _printf_d.o(.ARM.Collect$$_printf_percent$$00000009)
    _printf_u                                0x0000035f   Thumb Code     0  _printf_u.o(.ARM.Collect$$_printf_percent$$0000000A)
    _printf_o                                0x00000365   Thumb Code     0  _printf_o.o(.ARM.Collect$$_printf_percent$$0000000B)
    _printf_x                                0x0000036b   Thumb Code     0  _printf_x.o(.ARM.Collect$$_printf_percent$$0000000C)
    _printf_lli                              0x00000371   Thumb Code     0  _printf_lli.o(.ARM.Collect$$_printf_percent$$0000000D)
    _printf_lld                              0x00000377   Thumb Code     0  _printf_lld.o(.ARM.Collect$$_printf_percent$$0000000E)
    _printf_llu                              0x0000037d   Thumb Code     0  _printf_llu.o(.ARM.Collect$$_printf_percent$$0000000F)
    _printf_llo                              0x00000383   Thumb Code     0  _printf_llo.o(.ARM.Collect$$_printf_percent$$00000010)
    _printf_llx                              0x00000389   Thumb Code     0  _printf_llx.o(.ARM.Collect$$_printf_percent$$00000011)
    _printf_l                                0x0000038f   Thumb Code     0  _printf_l.o(.ARM.Collect$$_printf_percent$$00000012)
    _printf_c                                0x00000399   Thumb Code     0  _printf_c.o(.ARM.Collect$$_printf_percent$$00000013)
    _printf_s                                0x0000039f   Thumb Code     0  _printf_s.o(.ARM.Collect$$_printf_percent$$00000014)
    _printf_lc                               0x000003a5   Thumb Code     0  _printf_lc.o(.ARM.Collect$$_printf_percent$$00000015)
    _printf_ls                               0x000003ab   Thumb Code     0  _printf_ls.o(.ARM.Collect$$_printf_percent$$00000016)
    _printf_percent_end                      0x000003b1   Thumb Code     0  _printf_percent_end.o(.ARM.Collect$$_printf_percent$$00000017)
    __rt_lib_init                            0x000003b5   Thumb Code     0  libinit.o(.ARM.Collect$$libinit$$00000000)
    __rt_lib_init_fp_1                       0x000003b7   Thumb Code     0  libinit2.o(.ARM.Collect$$libinit$$00000002)
    __rt_lib_init_heap_1                     0x000003b7   Thumb Code     0  libinit2.o(.ARM.Collect$$libinit$$0000000C)
    __rt_lib_init_lc_common                  0x000003b7   Thumb Code     0  libinit2.o(.ARM.Collect$$libinit$$00000011)
    __rt_lib_init_preinit_1                  0x000003b7   Thumb Code     0  libinit2.o(.ARM.Collect$$libinit$$00000006)
    __rt_lib_init_rand_1                     0x000003b7   Thumb Code     0  libinit2.o(.ARM.Collect$$libinit$$00000010)
    __rt_lib_init_relocate_pie_1             0x000003b7   Thumb Code     0  libinit2.o(.ARM.Collect$$libinit$$00000004)
    __rt_lib_init_user_alloc_1               0x000003b7   Thumb Code     0  libinit2.o(.ARM.Collect$$libinit$$0000000E)
    __rt_lib_init_lc_collate_1               0x000003bd   Thumb Code     0  libinit2.o(.ARM.Collect$$libinit$$00000013)
    __rt_lib_init_lc_ctype_2                 0x000003bd   Thumb Code     0  libinit2.o(.ARM.Collect$$libinit$$00000014)
    __rt_lib_init_lc_ctype_1                 0x000003c9   Thumb Code     0  libinit2.o(.ARM.Collect$$libinit$$00000015)
    __rt_lib_init_lc_monetary_1              0x000003c9   Thumb Code     0  libinit2.o(.ARM.Collect$$libinit$$00000017)
    __rt_lib_init_lc_numeric_2               0x000003c9   Thumb Code     0  libinit2.o(.ARM.Collect$$libinit$$00000018)
    __rt_lib_init_alloca_1                   0x000003d3   Thumb Code     0  libinit2.o(.ARM.Collect$$libinit$$00000030)
    __rt_lib_init_argv_1                     0x000003d3   Thumb Code     0  libinit2.o(.ARM.Collect$$libinit$$0000002E)
    __rt_lib_init_atexit_1                   0x000003d3   Thumb Code     0  libinit2.o(.ARM.Collect$$libinit$$0000001D)
    __rt_lib_init_clock_1                    0x000003d3   Thumb Code     0  libinit2.o(.ARM.Collect$$libinit$$00000023)
    __rt_lib_init_cpp_1                      0x000003d3   Thumb Code     0  libinit2.o(.ARM.Collect$$libinit$$00000034)
    __rt_lib_init_exceptions_1               0x000003d3   Thumb Code     0  libinit2.o(.ARM.Collect$$libinit$$00000032)
    __rt_lib_init_fp_trap_1                  0x000003d3   Thumb Code     0  libinit2.o(.ARM.Collect$$libinit$$00000021)
    __rt_lib_init_getenv_1                   0x000003d3   Thumb Code     0  libinit2.o(.ARM.Collect$$libinit$$00000025)
    __rt_lib_init_lc_numeric_1               0x000003d3   Thumb Code     0  libinit2.o(.ARM.Collect$$libinit$$00000019)
    __rt_lib_init_lc_time_1                  0x000003d3   Thumb Code     0  libinit2.o(.ARM.Collect$$libinit$$0000001B)
    __rt_lib_init_return                     0x000003d3   Thumb Code     0  libinit2.o(.ARM.Collect$$libinit$$00000035)
    __rt_lib_init_signal_1                   0x000003d3   Thumb Code     0  libinit2.o(.ARM.Collect$$libinit$$0000001F)
    __rt_lib_init_stdio_1                    0x000003d3   Thumb Code     0  libinit2.o(.ARM.Collect$$libinit$$00000027)
    __rt_lib_shutdown                        0x000003d5   Thumb Code     0  libshutdown.o(.ARM.Collect$$libshutdown$$00000000)
    __rt_lib_shutdown_cpp_1                  0x000003d7   Thumb Code     0  libshutdown2.o(.ARM.Collect$$libshutdown$$00000002)
    __rt_lib_shutdown_fp_trap_1              0x000003d7   Thumb Code     0  libshutdown2.o(.ARM.Collect$$libshutdown$$00000007)
    __rt_lib_shutdown_heap_1                 0x000003d7   Thumb Code     0  libshutdown2.o(.ARM.Collect$$libshutdown$$0000000F)
    __rt_lib_shutdown_return                 0x000003d7   Thumb Code     0  libshutdown2.o(.ARM.Collect$$libshutdown$$00000010)
    __rt_lib_shutdown_signal_1               0x000003d7   Thumb Code     0  libshutdown2.o(.ARM.Collect$$libshutdown$$0000000A)
    __rt_lib_shutdown_stdio_1                0x000003d7   Thumb Code     0  libshutdown2.o(.ARM.Collect$$libshutdown$$00000004)
    __rt_lib_shutdown_user_alloc_1           0x000003d7   Thumb Code     0  libshutdown2.o(.ARM.Collect$$libshutdown$$0000000C)
    __rt_entry                               0x000003d9   Thumb Code     0  __rtentry.o(.ARM.Collect$$rtentry$$00000000)
    __rt_entry_presh_1                       0x000003d9   Thumb Code     0  __rtentry2.o(.ARM.Collect$$rtentry$$00000002)
    __rt_entry_sh                            0x000003d9   Thumb Code     0  __rtentry4.o(.ARM.Collect$$rtentry$$00000004)
    __rt_entry_li                            0x000003df   Thumb Code     0  __rtentry2.o(.ARM.Collect$$rtentry$$0000000A)
    __rt_entry_postsh_1                      0x000003df   Thumb Code     0  __rtentry2.o(.ARM.Collect$$rtentry$$00000009)
    __rt_entry_main                          0x000003e3   Thumb Code     0  __rtentry2.o(.ARM.Collect$$rtentry$$0000000D)
    __rt_entry_postli_1                      0x000003e3   Thumb Code     0  __rtentry2.o(.ARM.Collect$$rtentry$$0000000C)
    __rt_exit                                0x000003eb   Thumb Code     0  rtexit.o(.ARM.Collect$$rtexit$$00000000)
    __rt_exit_ls                             0x000003ed   Thumb Code     0  rtexit2.o(.ARM.Collect$$rtexit$$00000003)
    __rt_exit_prels_1                        0x000003ed   Thumb Code     0  rtexit2.o(.ARM.Collect$$rtexit$$00000002)
    __rt_exit_exit                           0x000003f1   Thumb Code     0  rtexit2.o(.ARM.Collect$$rtexit$$00000004)
    DisableInterrupts                        0x000003f9   Thumb Code     0  startup.o(.text)
    EnableInterrupts                         0x000003fd   Thumb Code     0  startup.o(.text)
    StartCritical                            0x00000401   Thumb Code     0  startup.o(.text)
    EndCritical                              0x00000409   Thumb Code     0  startup.o(.text)
    WaitForInterrupt                         0x0000040f   Thumb Code     0  startup.o(.text)
    __user_initial_stackheap                 0x00000413   Thumb Code     0  startup.o(.text)
    sprintf                                  0x00000429   Thumb Code    38  sprintf.o(.text)
    strcpy                                   0x00000455   Thumb Code    72  strcpy.o(.text)
    __use_two_region_memory                  0x0000049d   Thumb Code     2  heapauxi.o(.text)
    __rt_heap_escrow$2region                 0x0000049f   Thumb Code     2  heapauxi.o(.text)
    __rt_heap_expand$2region                 0x000004a1   Thumb Code     2  heapauxi.o(.text)
    _printf_pre_padding                      0x000004a3   Thumb Code    44  _printf_pad.o(.text)
    _printf_post_padding                     0x000004cf   Thumb Code    34  _printf_pad.o(.text)
    _printf_truncate_signed                  0x000004f1   Thumb Code    18  _printf_truncate.o(.text)
    _printf_truncate_unsigned                0x00000503   Thumb Code    18  _printf_truncate.o(.text)
    _printf_str                              0x00000515   Thumb Code    82  _printf_str.o(.text)
    _printf_int_dec                          0x00000569   Thumb Code   104  _printf_dec.o(.text)
    _printf_charcount                        0x000005e1   Thumb Code    40  _printf_charcount.o(.text)
    _printf_char_common                      0x00000613   Thumb Code    32  _printf_char_common.o(.text)
    _sputc                                   0x00000639   Thumb Code    10  _sputc.o(.text)
    _printf_wctomb                           0x00000645   Thumb Code   182  _printf_wctomb.o(.text)
    _printf_longlong_dec                     0x00000701   Thumb Code   108  _printf_longlong_dec.o(.text)
    _printf_longlong_oct                     0x0000077d   Thumb Code    68  _printf_oct_int_ll.o(.text)
    _printf_int_oct                          0x000007c1   Thumb Code    24  _printf_oct_int_ll.o(.text)
    _printf_ll_oct                           0x000007d9   Thumb Code    12  _printf_oct_int_ll.o(.text)
    _printf_longlong_hex                     0x000007ed   Thumb Code    86  _printf_hex_int_ll_ptr.o(.text)
    _printf_int_hex                          0x00000843   Thumb Code    28  _printf_hex_int_ll_ptr.o(.text)
    _printf_ll_hex                           0x0000085f   Thumb Code    12  _printf_hex_int_ll_ptr.o(.text)
    _printf_hex_ptr                          0x0000086b   Thumb Code    18  _printf_hex_int_ll_ptr.o(.text)
    __printf                                 0x00000881   Thumb Code   388  __printf_flags_ss_wp.o(.text)
    _ll_udiv10                               0x00000a09   Thumb Code   138  lludiv10.o(.text)
    _printf_int_common                       0x00000a93   Thumb Code   178  _printf_intcommon.o(.text)
    _printf_fp_dec_real                      0x00000cf5   Thumb Code   620  _printf_fp_dec.o(.text)
    _printf_fp_hex_real                      0x00000f61   Thumb Code   756  _printf_fp_hex.o(.text)
    _printf_cs_common                        0x0000125d   Thumb Code    20  _printf_char.o(.text)
    _printf_char                             0x00001271   Thumb Code    16  _printf_char.o(.text)
    _printf_string                           0x00001281   Thumb Code     8  _printf_char.o(.text)
    _printf_lcs_common                       0x00001289   Thumb Code    20  _printf_wchar.o(.text)
    _printf_wchar                            0x0000129d   Thumb Code    16  _printf_wchar.o(.text)
    _printf_wstring                          0x000012ad   Thumb Code     8  _printf_wchar.o(.text)
    _c16rtomb                                0x000012b5   Thumb Code    72  _c16rtomb.o(.text)
    _wcrtomb                                 0x000012b5   Thumb Code     0  _c16rtomb.o(.text)
    __user_setup_stackheap                   0x000012fd   Thumb Code    74  sys_stackheap_outer.o(.text)
    __rt_ctype_table                         0x00001349   Thumb Code    16  rt_ctype_table.o(.text)
    __rt_locale                              0x00001359   Thumb Code     8  rt_locale_intlibspace.o(.text)
    _printf_fp_infnan                        0x00001361   Thumb Code   112  _printf_fp_infnan.o(.text)
    _btod_etento                             0x000013e1   Thumb Code   224  bigflt0.o(.text)
    exit                                     0x000014c5   Thumb Code    18  exit.o(.text)
    __user_libspace                          0x000014d9   Thumb Code     8  libspace.o(.text)
    __user_perproc_libspace                  0x000014d9   Thumb Code     0  libspace.o(.text)
    __user_perthread_libspace                0x000014d9   Thumb Code     0  libspace.o(.text)
    strcmp                                   0x000014e1   Thumb Code   124  strcmpv7em.o(.text)
    _sys_exit                                0x0000155d   Thumb Code     8  sys_exit.o(.text)
    __I$use$semihosting                      0x00001569   Thumb Code     0  use_no_semi.o(.text)
    __use_no_semihosting_swi                 0x00001569   Thumb Code     2  use_no_semi.o(.text)
    __semihosting_library_function           0x0000156b   Thumb Code     0  indicate_semi.o(.text)
    BTN_Init                                 0x0000156d   Thumb Code   282  buttonled.o(.text.BTN_Init)
    DELAY_1MS                                0x00001689   Thumb Code    72  util.o(.text.DELAY_1MS)
    Detect_Color                             0x000016d1   Thumb Code   130  tcs34727.o(.text.Detect_Color)
    GPIOPortF_Handler                        0x00001755   Thumb Code   364  moduletest.o(.text.GPIOPortF_Handler)
    I2C0_Init                                0x000018c1   Thumb Code   202  i2c.o(.text.I2C0_Init)
    I2C0_Receive                             0x0000198d   Thumb Code   192  i2c.o(.text.I2C0_Receive)
    LED_Init                                 0x00001a4d   Thumb Code   156  buttonled.o(.text.LED_Init)
    Module_Test                              0x00001ae9   Thumb Code    88  moduletest.o(.text.Module_Test)
    TCS34727_GET_RAW_BLUE                    0x00001b41   Thumb Code    62  tcs34727.o(.text.TCS34727_GET_RAW_BLUE)
    TCS34727_GET_RAW_CLEAR                   0x00001b81   Thumb Code    62  tcs34727.o(.text.TCS34727_GET_RAW_CLEAR)
    TCS34727_GET_RAW_GREEN                   0x00001bc1   Thumb Code    62  tcs34727.o(.text.TCS34727_GET_RAW_GREEN)
    TCS34727_GET_RAW_RED                     0x00001c01   Thumb Code    78  tcs34727.o(.text.TCS34727_GET_RAW_RED)
    TCS34727_GET_RGB                         0x00001c51   Thumb Code   208  tcs34727.o(.text.TCS34727_GET_RGB)
    UART0_Init                               0x00001f79   Thumb Code   156  uart0.o(.text.UART0_Init)
    UART0_OutCRLF                            0x00002015   Thumb Code    16  uart0.o(.text.UART0_OutCRLF)
    UART0_OutChar                            0x00002025   Thumb Code    46  uart0.o(.text.UART0_OutChar)
    UART0_OutString                          0x00002055   Thumb Code    38  uart0.o(.text.UART0_OutString)
    WTIMER0_Init                             0x0000207d   Thumb Code   108  util.o(.text.WTIMER0_Init)
    main                                     0x000020e9   Thumb Code   198  i2cmain.o(.text.main)
    _btod_d2e                                0x000021af   Thumb Code    62  btod.o(CL$$btod_d2e)
    _d2e_denorm_low                          0x000021ed   Thumb Code    70  btod.o(CL$$btod_d2e_denorm_low)
    _d2e_norm_op1                            0x00002233   Thumb Code    96  btod.o(CL$$btod_d2e_norm_op1)
    __btod_div_common                        0x00002295   Thumb Code   696  btod.o(CL$$btod_div_common)
    _e2e                                     0x000025cd   Thumb Code   220  btod.o(CL$$btod_e2e)
    _btod_ediv                               0x000026a9   Thumb Code    42  btod.o(CL$$btod_ediv)
    _btod_emul                               0x000026d3   Thumb Code    42  btod.o(CL$$btod_emul)
    __btod_mult_common                       0x000026fd   Thumb Code   580  btod.o(CL$$btod_mult_common)
    __ARM_fpclassify                         0x00002941   Thumb Code    40  fpclassify.o(i.__ARM_fpclassify)
    _is_digit                                0x00002969   Thumb Code    14  __printf_wp.o(i._is_digit)
    _get_lc_numeric                          0x00002979   Thumb Code    44  lc_numeric_c.o(locale$$code)
    _get_lc_ctype                            0x000029a5   Thumb Code    44  lc_ctype_c.o(locale$$code)
    __aeabi_d2iz                             0x000029d1   Thumb Code     0  dfix.o(x$fpl$dfix)
    _dfix                                    0x000029d1   Thumb Code    94  dfix.o(x$fpl$dfix)
    __aeabi_dmul                             0x00002a31   Thumb Code     0  dmul.o(x$fpl$dmul)
    _dmul                                    0x00002a31   Thumb Code   332  dmul.o(x$fpl$dmul)
    __fpl_dnaninf                            0x00002b85   Thumb Code   156  dnaninf.o(x$fpl$dnaninf)
    __fpl_dretinf                            0x00002c21   Thumb Code    12  dretinf.o(x$fpl$dretinf)
    __aeabi_f2d                              0x00002c2d   Thumb Code     0  f2d.o(x$fpl$f2d)
    _f2d                                     0x00002c2d   Thumb Code    86  f2d.o(x$fpl$f2d)
    __aeabi_fcmpeq                           0x00002c83   Thumb Code     0  fcmp.o(x$fpl$fcmp)
    _feq                                     0x00002c83   Thumb Code    14  fcmp.o(x$fpl$fcmp)
    _fneq                                    0x00002c91   Thumb Code    14  fcmp.o(x$fpl$fcmp)
    __aeabi_fcmpgt                           0x00002c9f   Thumb Code     0  fcmp.o(x$fpl$fcmp)
    _fgr                                     0x00002c9f   Thumb Code    14  fcmp.o(x$fpl$fcmp)
    __aeabi_fcmpge                           0x00002cad   Thumb Code     0  fcmp.o(x$fpl$fcmp)
    _fgeq                                    0x00002cad   Thumb Code    14  fcmp.o(x$fpl$fcmp)
    __aeabi_fcmple                           0x00002cbb   Thumb Code     0  fcmp.o(x$fpl$fcmp)
    _fleq                                    0x00002cbb   Thumb Code    14  fcmp.o(x$fpl$fcmp)
    __aeabi_fcmplt                           0x00002cc9   Thumb Code     0  fcmp.o(x$fpl$fcmp)
    _fls                                     0x00002cc9   Thumb Code    14  fcmp.o(x$fpl$fcmp)
    __fpl_fcmp_Inf                           0x00002cd7   Thumb Code    24  fcmpi.o(x$fpl$fcmpinf)
    __aeabi_fdiv                             0x00002cf1   Thumb Code     0  fdiv.o(x$fpl$fdiv)
    _fdiv                                    0x00002cf1   Thumb Code   384  fdiv.o(x$fpl$fdiv)
    __aeabi_cfcmpeq                          0x00002e75   Thumb Code     0  feqf.o(x$fpl$feqf)
    _fcmpeq                                  0x00002e75   Thumb Code   104  feqf.o(x$fpl$feqf)
    __aeabi_i2f                              0x00002edd   Thumb Code     0  fflt_clz.o(x$fpl$fflt)
    _fflt                                    0x00002edd   Thumb Code    48  fflt_clz.o(x$fpl$fflt)
    __aeabi_ui2f                             0x00002f0d   Thumb Code     0  fflt_clz.o(x$fpl$ffltu)
    _ffltu                                   0x00002f0d   Thumb Code    38  fflt_clz.o(x$fpl$ffltu)
    _fcmpge                                  0x00002f35   Thumb Code   104  fgeqf.o(x$fpl$fgeqf)
    __aeabi_cfcmple                          0x00002f9d   Thumb Code     0  fleqf.o(x$fpl$fleqf)
    _fcmple                                  0x00002f9d   Thumb Code   104  fleqf.o(x$fpl$fleqf)
    __fpl_fcmple_InfNaN                      0x00002fef   Thumb Code     0  fleqf.o(x$fpl$fleqf)
    __fpl_fnaninf                            0x00003005   Thumb Code   140  fnaninf.o(x$fpl$fnaninf)
    __fpl_fretinf                            0x00003091   Thumb Code    10  fretinf.o(x$fpl$fretinf)
    _printf_fp_dec                           0x0000309b   Thumb Code     4  printf1.o(x$fpl$printf1)
    _printf_fp_hex                           0x0000309f   Thumb Code     4  printf2.o(x$fpl$printf2)
    __I$use$fp                               0x000030a2   Number         0  usenofp.o(x$fpl$usenofp)
    color_wheel                              0x000031a0   Data           8  moduletest.o(.rodata.color_wheel)
    Region$$Table$$Base                      0x000032fc   Number         0  anon$$obj.o(Region$$Table)
    Region$$Table$$Limit                     0x0000331c   Number         0  anon$$obj.o(Region$$Table)
    __ctype                                  0x00003345   Data           0  lc_ctype_c.o(locale$$data)
    currentColor                             0x20000000   Data           4  moduletest.o(.data.currentColor)
    mode                                     0x20000004   Data           1  i2cmain.o(.data.mode)
    __libspace_start                         0x20000008   Data          96  libspace.o(.bss)
    Angle_Instance                           0x20000068   Data          12  moduletest.o(.bss.Angle_Instance)
    __temporary_stack_top$libspace           0x20000068   Data           0  libspace.o(.bss)
    RGB_COLOR                                0x20000074   Data          20  moduletest.o(.bss.RGB_COLOR)
    ledColorIndex                            0x200000f2   Data           1  moduletest.o(.bss.ledColorIndex)



==============================================================================

Memory Map of the image

  Image Entry point : 0x0000026d

  Load Region LR_1 (Base: 0x00000000, Size: 0x00003450, Max: 0xffffffff, ABSOLUTE)

    Execution Region ER_RO (Exec base: 0x00000000, Load base: 0x00000000, Size: 0x00003448, Max: 0xffffffff, ABSOLUTE)

    Exec Addr    Load Addr    Size         Type   Attr      Idx    E Section Name        Object

    0x00000000   0x00000000   0x00000284   Code   RO            3  * RESET               startup.o
    0x00000284   0x00000284   0x00000008   Code   RO          209  * !!!main             c_w.l(__main.o)
    0x0000028c   0x0000028c   0x0000005c   Code   RO          588    !!!scatter          c_w.l(__scatter.o)
    0x000002e8   0x000002e8   0x0000001a   Code   RO          592    !!handler_copy      c_w.l(__scatter_copy.o)
    0x00000302   0x00000302   0x00000002   PAD
    0x00000304   0x00000304   0x00000002   Code   RO          589    !!handler_null      c_w.l(__scatter.o)
    0x00000306   0x00000306   0x00000002   PAD
    0x00000308   0x00000308   0x0000001c   Code   RO          594    !!handler_zi        c_w.l(__scatter_zi.o)
    0x00000324   0x00000324   0x00000000   Code   RO          319    .ARM.Collect$$_printf_percent$$00000000  c_w.l(_printf_percent.o)
    0x00000324   0x00000324   0x00000006   Code   RO          308    .ARM.Collect$$_printf_percent$$00000001  c_w.l(_printf_n.o)
    0x0000032a   0x0000032a   0x00000006   Code   RO          310    .ARM.Collect$$_printf_percent$$00000002  c_w.l(_printf_p.o)
    0x00000330   0x00000330   0x00000006   Code   RO          315    .ARM.Collect$$_printf_percent$$00000003  c_w.l(_printf_f.o)
    0x00000336   0x00000336   0x00000006   Code   RO          316    .ARM.Collect$$_printf_percent$$00000004  c_w.l(_printf_e.o)
    0x0000033c   0x0000033c   0x00000006   Code   RO          317    .ARM.Collect$$_printf_percent$$00000005  c_w.l(_printf_g.o)
    0x00000342   0x00000342   0x00000006   Code   RO          318    .ARM.Collect$$_printf_percent$$00000006  c_w.l(_printf_a.o)
    0x00000348   0x00000348   0x0000000a   Code   RO          323    .ARM.Collect$$_printf_percent$$00000007  c_w.l(_printf_ll.o)
    0x00000352   0x00000352   0x00000006   Code   RO          312    .ARM.Collect$$_printf_percent$$00000008  c_w.l(_printf_i.o)
    0x00000358   0x00000358   0x00000006   Code   RO          313    .ARM.Collect$$_printf_percent$$00000009  c_w.l(_printf_d.o)
    0x0000035e   0x0000035e   0x00000006   Code   RO          314    .ARM.Collect$$_printf_percent$$0000000A  c_w.l(_printf_u.o)
    0x00000364   0x00000364   0x00000006   Code   RO          311    .ARM.Collect$$_printf_percent$$0000000B  c_w.l(_printf_o.o)
    0x0000036a   0x0000036a   0x00000006   Code   RO          309    .ARM.Collect$$_printf_percent$$0000000C  c_w.l(_printf_x.o)
    0x00000370   0x00000370   0x00000006   Code   RO          320    .ARM.Collect$$_printf_percent$$0000000D  c_w.l(_printf_lli.o)
    0x00000376   0x00000376   0x00000006   Code   RO          321    .ARM.Collect$$_printf_percent$$0000000E  c_w.l(_printf_lld.o)
    0x0000037c   0x0000037c   0x00000006   Code   RO          322    .ARM.Collect$$_printf_percent$$0000000F  c_w.l(_printf_llu.o)
    0x00000382   0x00000382   0x00000006   Code   RO          327    .ARM.Collect$$_printf_percent$$00000010  c_w.l(_printf_llo.o)
    0x00000388   0x00000388   0x00000006   Code   RO          328    .ARM.Collect$$_printf_percent$$00000011  c_w.l(_printf_llx.o)
    0x0000038e   0x0000038e   0x0000000a   Code   RO          324    .ARM.Collect$$_printf_percent$$00000012  c_w.l(_printf_l.o)
    0x00000398   0x00000398   0x00000006   Code   RO          306    .ARM.Collect$$_printf_percent$$00000013  c_w.l(_printf_c.o)
    0x0000039e   0x0000039e   0x00000006   Code   RO          307    .ARM.Collect$$_printf_percent$$00000014  c_w.l(_printf_s.o)
    0x000003a4   0x000003a4   0x00000006   Code   RO          325    .ARM.Collect$$_printf_percent$$00000015  c_w.l(_printf_lc.o)
    0x000003aa   0x000003aa   0x00000006   Code   RO          326    .ARM.Collect$$_printf_percent$$00000016  c_w.l(_printf_ls.o)
    0x000003b0   0x000003b0   0x00000004   Code   RO          384    .ARM.Collect$$_printf_percent$$00000017  c_w.l(_printf_percent_end.o)
    0x000003b4   0x000003b4   0x00000002   Code   RO          437    .ARM.Collect$$libinit$$00000000  c_w.l(libinit.o)
    0x000003b6   0x000003b6   0x00000000   Code   RO          455    .ARM.Collect$$libinit$$00000002  c_w.l(libinit2.o)
    0x000003b6   0x000003b6   0x00000000   Code   RO          457    .ARM.Collect$$libinit$$00000004  c_w.l(libinit2.o)
    0x000003b6   0x000003b6   0x00000000   Code   RO          459    .ARM.Collect$$libinit$$00000006  c_w.l(libinit2.o)
    0x000003b6   0x000003b6   0x00000000   Code   RO          462    .ARM.Collect$$libinit$$0000000C  c_w.l(libinit2.o)
    0x000003b6   0x000003b6   0x00000000   Code   RO          464    .ARM.Collect$$libinit$$0000000E  c_w.l(libinit2.o)
    0x000003b6   0x000003b6   0x00000000   Code   RO          466    .ARM.Collect$$libinit$$00000010  c_w.l(libinit2.o)
    0x000003b6   0x000003b6   0x00000006   Code   RO          467    .ARM.Collect$$libinit$$00000011  c_w.l(libinit2.o)
    0x000003bc   0x000003bc   0x00000000   Code   RO          469    .ARM.Collect$$libinit$$00000013  c_w.l(libinit2.o)
    0x000003bc   0x000003bc   0x0000000c   Code   RO          470    .ARM.Collect$$libinit$$00000014  c_w.l(libinit2.o)
    0x000003c8   0x000003c8   0x00000000   Code   RO          471    .ARM.Collect$$libinit$$00000015  c_w.l(libinit2.o)
    0x000003c8   0x000003c8   0x00000000   Code   RO          473    .ARM.Collect$$libinit$$00000017  c_w.l(libinit2.o)
    0x000003c8   0x000003c8   0x0000000a   Code   RO          474    .ARM.Collect$$libinit$$00000018  c_w.l(libinit2.o)
    0x000003d2   0x000003d2   0x00000000   Code   RO          475    .ARM.Collect$$libinit$$00000019  c_w.l(libinit2.o)
    0x000003d2   0x000003d2   0x00000000   Code   RO          477    .ARM.Collect$$libinit$$0000001B  c_w.l(libinit2.o)
    0x000003d2   0x000003d2   0x00000000   Code   RO          479    .ARM.Collect$$libinit$$0000001D  c_w.l(libinit2.o)
    0x000003d2   0x000003d2   0x00000000   Code   RO          481    .ARM.Collect$$libinit$$0000001F  c_w.l(libinit2.o)
    0x000003d2   0x000003d2   0x00000000   Code   RO          483    .ARM.Collect$$libinit$$00000021  c_w.l(libinit2.o)
    0x000003d2   0x000003d2   0x00000000   Code   RO          485    .ARM.Collect$$libinit$$00000023  c_w.l(libinit2.o)
    0x000003d2   0x000003d2   0x00000000   Code   RO          487    .ARM.Collect$$libinit$$00000025  c_w.l(libinit2.o)
    0x000003d2   0x000003d2   0x00000000   Code   RO          489    .ARM.Collect$$libinit$$00000027  c_w.l(libinit2.o)
    0x000003d2   0x000003d2   0x00000000   Code   RO          493    .ARM.Collect$$libinit$$0000002E  c_w.l(libinit2.o)
    0x000003d2   0x000003d2   0x00000000   Code   RO          495    .ARM.Collect$$libinit$$00000030  c_w.l(libinit2.o)
    0x000003d2   0x000003d2   0x00000000   Code   RO          497    .ARM.Collect$$libinit$$00000032  c_w.l(libinit2.o)
    0x000003d2   0x000003d2   0x00000000   Code   RO          499    .ARM.Collect$$libinit$$00000034  c_w.l(libinit2.o)
    0x000003d2   0x000003d2   0x00000002   Code   RO          500    .ARM.Collect$$libinit$$00000035  c_w.l(libinit2.o)
    0x000003d4   0x000003d4   0x00000002   Code   RO          524    .ARM.Collect$$libshutdown$$00000000  c_w.l(libshutdown.o)
    0x000003d6   0x000003d6   0x00000000   Code   RO          539    .ARM.Collect$$libshutdown$$00000002  c_w.l(libshutdown2.o)
    0x000003d6   0x000003d6   0x00000000   Code   RO          541    .ARM.Collect$$libshutdown$$00000004  c_w.l(libshutdown2.o)
    0x000003d6   0x000003d6   0x00000000   Code   RO          544    .ARM.Collect$$libshutdown$$00000007  c_w.l(libshutdown2.o)
    0x000003d6   0x000003d6   0x00000000   Code   RO          547    .ARM.Collect$$libshutdown$$0000000A  c_w.l(libshutdown2.o)
    0x000003d6   0x000003d6   0x00000000   Code   RO          549    .ARM.Collect$$libshutdown$$0000000C  c_w.l(libshutdown2.o)
    0x000003d6   0x000003d6   0x00000000   Code   RO          552    .ARM.Collect$$libshutdown$$0000000F  c_w.l(libshutdown2.o)
    0x000003d6   0x000003d6   0x00000002   Code   RO          553    .ARM.Collect$$libshutdown$$00000010  c_w.l(libshutdown2.o)
    0x000003d8   0x000003d8   0x00000000   Code   RO          237    .ARM.Collect$$rtentry$$00000000  c_w.l(__rtentry.o)
    0x000003d8   0x000003d8   0x00000000   Code   RO          353    .ARM.Collect$$rtentry$$00000002  c_w.l(__rtentry2.o)
    0x000003d8   0x000003d8   0x00000006   Code   RO          365    .ARM.Collect$$rtentry$$00000004  c_w.l(__rtentry4.o)
    0x000003de   0x000003de   0x00000000   Code   RO          355    .ARM.Collect$$rtentry$$00000009  c_w.l(__rtentry2.o)
    0x000003de   0x000003de   0x00000004   Code   RO          356    .ARM.Collect$$rtentry$$0000000A  c_w.l(__rtentry2.o)
    0x000003e2   0x000003e2   0x00000000   Code   RO          358    .ARM.Collect$$rtentry$$0000000C  c_w.l(__rtentry2.o)
    0x000003e2   0x000003e2   0x00000008   Code   RO          359    .ARM.Collect$$rtentry$$0000000D  c_w.l(__rtentry2.o)
    0x000003ea   0x000003ea   0x00000002   Code   RO          445    .ARM.Collect$$rtexit$$00000000  c_w.l(rtexit.o)
    0x000003ec   0x000003ec   0x00000000   Code   RO          502    .ARM.Collect$$rtexit$$00000002  c_w.l(rtexit2.o)
    0x000003ec   0x000003ec   0x00000004   Code   RO          503    .ARM.Collect$$rtexit$$00000003  c_w.l(rtexit2.o)
    0x000003f0   0x000003f0   0x00000006   Code   RO          504    .ARM.Collect$$rtexit$$00000004  c_w.l(rtexit2.o)
    0x000003f6   0x000003f6   0x00000002   PAD
    0x000003f8   0x000003f8   0x00000030   Code   RO            4    .text               startup.o
    0x00000428   0x00000428   0x0000002c   Code   RO          203    .text               c_w.l(sprintf.o)
    0x00000454   0x00000454   0x00000048   Code   RO          205    .text               c_w.l(strcpy.o)
    0x0000049c   0x0000049c   0x00000006   Code   RO          207    .text               c_w.l(heapauxi.o)
    0x000004a2   0x000004a2   0x0000004e   Code   RO          240    .text               c_w.l(_printf_pad.o)
    0x000004f0   0x000004f0   0x00000024   Code   RO          242    .text               c_w.l(_printf_truncate.o)
    0x00000514   0x00000514   0x00000052   Code   RO          244    .text               c_w.l(_printf_str.o)
    0x00000566   0x00000566   0x00000002   PAD
    0x00000568   0x00000568   0x00000078   Code   RO          246    .text               c_w.l(_printf_dec.o)
    0x000005e0   0x000005e0   0x00000028   Code   RO          248    .text               c_w.l(_printf_charcount.o)
    0x00000608   0x00000608   0x00000030   Code   RO          250    .text               c_w.l(_printf_char_common.o)
    0x00000638   0x00000638   0x0000000a   Code   RO          252    .text               c_w.l(_sputc.o)
    0x00000642   0x00000642   0x00000002   PAD
    0x00000644   0x00000644   0x000000bc   Code   RO          254    .text               c_w.l(_printf_wctomb.o)
    0x00000700   0x00000700   0x0000007c   Code   RO          257    .text               c_w.l(_printf_longlong_dec.o)
    0x0000077c   0x0000077c   0x00000070   Code   RO          263    .text               c_w.l(_printf_oct_int_ll.o)
    0x000007ec   0x000007ec   0x00000094   Code   RO          283    .text               c_w.l(_printf_hex_int_ll_ptr.o)
    0x00000880   0x00000880   0x00000188   Code   RO          303    .text               c_w.l(__printf_flags_ss_wp.o)
    0x00000a08   0x00000a08   0x0000008a   Code   RO          367    .text               c_w.l(lludiv10.o)
    0x00000a92   0x00000a92   0x000000b2   Code   RO          369    .text               c_w.l(_printf_intcommon.o)
    0x00000b44   0x00000b44   0x0000041c   Code   RO          371    .text               c_w.l(_printf_fp_dec.o)
    0x00000f60   0x00000f60   0x000002fc   Code   RO          375    .text               c_w.l(_printf_fp_hex.o)
    0x0000125c   0x0000125c   0x0000002c   Code   RO          380    .text               c_w.l(_printf_char.o)
    0x00001288   0x00001288   0x0000002c   Code   RO          382    .text               c_w.l(_printf_wchar.o)
    0x000012b4   0x000012b4   0x00000048   Code   RO          385    .text               c_w.l(_c16rtomb.o)
    0x000012fc   0x000012fc   0x0000004a   Code   RO          389    .text               c_w.l(sys_stackheap_outer.o)
    0x00001346   0x00001346   0x00000002   PAD
    0x00001348   0x00001348   0x00000010   Code   RO          391    .text               c_w.l(rt_ctype_table.o)
    0x00001358   0x00001358   0x00000008   Code   RO          396    .text               c_w.l(rt_locale_intlibspace.o)
    0x00001360   0x00001360   0x00000080   Code   RO          398    .text               c_w.l(_printf_fp_infnan.o)
    0x000013e0   0x000013e0   0x000000e4   Code   RO          400    .text               c_w.l(bigflt0.o)
    0x000014c4   0x000014c4   0x00000012   Code   RO          430    .text               c_w.l(exit.o)
    0x000014d6   0x000014d6   0x00000002   PAD
    0x000014d8   0x000014d8   0x00000008   Code   RO          442    .text               c_w.l(libspace.o)
    0x000014e0   0x000014e0   0x0000007c   Code   RO          452    .text               c_w.l(strcmpv7em.o)
    0x0000155c   0x0000155c   0x0000000c   Code   RO          514    .text               c_w.l(sys_exit.o)
    0x00001568   0x00001568   0x00000002   Code   RO          529    .text               c_w.l(use_no_semi.o)
    0x0000156a   0x0000156a   0x00000000   Code   RO          531    .text               c_w.l(indicate_semi.o)
    0x0000156a   0x0000156a   0x00000002   PAD
    0x0000156c   0x0000156c   0x0000011a   Code   RO           51    .text.BTN_Init      buttonled.o
    0x00001686   0x00001686   0x00000002   PAD
    0x00001688   0x00001688   0x00000048   Code   RO           62    .text.DELAY_1MS     util.o
    0x000016d0   0x000016d0   0x00000082   Code   RO          181    .text.Detect_Color  tcs34727.o
    0x00001752   0x00001752   0x00000002   PAD
    0x00001754   0x00001754   0x0000016c   Code   RO          147    .text.GPIOPortF_Handler  moduletest.o
    0x000018c0   0x000018c0   0x000000ca   Code   RO           13    .text.I2C0_Init     i2c.o
    0x0000198a   0x0000198a   0x00000002   PAD
    0x0000198c   0x0000198c   0x000000c0   Code   RO           15    .text.I2C0_Receive  i2c.o
    0x00001a4c   0x00001a4c   0x0000009c   Code   RO           49    .text.LED_Init      buttonled.o
    0x00001ae8   0x00001ae8   0x00000058   Code   RO          129    .text.Module_Test   moduletest.o
    0x00001b40   0x00001b40   0x0000003e   Code   RO          177    .text.TCS34727_GET_RAW_BLUE  tcs34727.o
    0x00001b7e   0x00001b7e   0x00000002   PAD
    0x00001b80   0x00001b80   0x0000003e   Code   RO          171    .text.TCS34727_GET_RAW_CLEAR  tcs34727.o
    0x00001bbe   0x00001bbe   0x00000002   PAD
    0x00001bc0   0x00001bc0   0x0000003e   Code   RO          175    .text.TCS34727_GET_RAW_GREEN  tcs34727.o
    0x00001bfe   0x00001bfe   0x00000002   PAD
    0x00001c00   0x00001c00   0x0000004e   Code   RO          173    .text.TCS34727_GET_RAW_RED  tcs34727.o
    0x00001c4e   0x00001c4e   0x00000002   PAD
    0x00001c50   0x00001c50   0x000000d0   Code   RO          179    .text.TCS34727_GET_RGB  tcs34727.o
    0x00001d20   0x00001d20   0x00000024   Code   RO          131    .text.Test_Delay    moduletest.o
    0x00001d44   0x00001d44   0x0000006c   Code   RO          145    .text.Test_Full_System  moduletest.o
    0x00001db0   0x00001db0   0x0000003c   Code   RO          135    .text.Test_I2C      moduletest.o
    0x00001dec   0x00001dec   0x00000002   Code   RO          143    .text.Test_LCD      moduletest.o
    0x00001dee   0x00001dee   0x00000002   PAD
    0x00001df0   0x00001df0   0x0000000a   Code   RO          137    .text.Test_MPU6050  moduletest.o
    0x00001dfa   0x00001dfa   0x00000002   PAD
    0x00001dfc   0x00001dfc   0x00000002   Code   RO          141    .text.Test_Servo    moduletest.o
    0x00001dfe   0x00001dfe   0x00000002   PAD
    0x00001e00   0x00001e00   0x0000011c   Code   RO          139    .text.Test_TCS34727  moduletest.o
    0x00001f1c   0x00001f1c   0x0000005c   Code   RO          133    .text.Test_UART     moduletest.o
    0x00001f78   0x00001f78   0x0000009c   Code   RO           30    .text.UART0_Init    uart0.o
    0x00002014   0x00002014   0x00000010   Code   RO           32    .text.UART0_OutCRLF  uart0.o
    0x00002024   0x00002024   0x0000002e   Code   RO           34    .text.UART0_OutChar  uart0.o
    0x00002052   0x00002052   0x00000002   PAD
    0x00002054   0x00002054   0x00000026   Code   RO           38    .text.UART0_OutString  uart0.o
    0x0000207a   0x0000207a   0x00000002   PAD
    0x0000207c   0x0000207c   0x0000006c   Code   RO           60    .text.WTIMER0_Init  util.o
    0x000020e8   0x000020e8   0x000000c6   Code   RO          191    .text.main          i2cmain.o
    0x000021ae   0x000021ae   0x0000003e   Code   RO          403    CL$$btod_d2e        c_w.l(btod.o)
    0x000021ec   0x000021ec   0x00000046   Code   RO          405    CL$$btod_d2e_denorm_low  c_w.l(btod.o)
    0x00002232   0x00002232   0x00000060   Code   RO          404    CL$$btod_d2e_norm_op1  c_w.l(btod.o)
    0x00002292   0x00002292   0x00000002   PAD
    0x00002294   0x00002294   0x00000338   Code   RO          413    CL$$btod_div_common  c_w.l(btod.o)
    0x000025cc   0x000025cc   0x000000dc   Code   RO          410    CL$$btod_e2e        c_w.l(btod.o)
    0x000026a8   0x000026a8   0x0000002a   Code   RO          407    CL$$btod_ediv       c_w.l(btod.o)
    0x000026d2   0x000026d2   0x0000002a   Code   RO          406    CL$$btod_emul       c_w.l(btod.o)
    0x000026fc   0x000026fc   0x00000244   Code   RO          412    CL$$btod_mult_common  c_w.l(btod.o)
    0x00002940   0x00002940   0x00000028   Code   RO          440    i.__ARM_fpclassify  m_ws.l(fpclassify.o)
    0x00002968   0x00002968   0x0000000e   Code   RO          296    i._is_digit         c_w.l(__printf_wp.o)
    0x00002976   0x00002976   0x00000002   PAD
    0x00002978   0x00002978   0x0000002c   Code   RO          428    locale$$code        c_w.l(lc_numeric_c.o)
    0x000029a4   0x000029a4   0x0000002c   Code   RO          450    locale$$code        c_w.l(lc_ctype_c.o)
    0x000029d0   0x000029d0   0x0000005e   Code   RO          217    x$fpl$dfix          fz_ws.l(dfix.o)
    0x00002a2e   0x00002a2e   0x00000002   PAD
    0x00002a30   0x00002a30   0x00000154   Code   RO          221    x$fpl$dmul          fz_ws.l(dmul.o)
    0x00002b84   0x00002b84   0x0000009c   Code   RO          329    x$fpl$dnaninf       fz_ws.l(dnaninf.o)
    0x00002c20   0x00002c20   0x0000000c   Code   RO          331    x$fpl$dretinf       fz_ws.l(dretinf.o)
    0x00002c2c   0x00002c2c   0x00000056   Code   RO          223    x$fpl$f2d           fz_ws.l(f2d.o)
    0x00002c82   0x00002c82   0x00000054   Code   RO          225    x$fpl$fcmp          fz_ws.l(fcmp.o)
    0x00002cd6   0x00002cd6   0x00000018   Code   RO          387    x$fpl$fcmpinf       fz_ws.l(fcmpi.o)
    0x00002cee   0x00002cee   0x00000002   PAD
    0x00002cf0   0x00002cf0   0x00000184   Code   RO          228    x$fpl$fdiv          fz_ws.l(fdiv.o)
    0x00002e74   0x00002e74   0x00000068   Code   RO          333    x$fpl$feqf          fz_ws.l(feqf.o)
    0x00002edc   0x00002edc   0x00000030   Code   RO          232    x$fpl$fflt          fz_ws.l(fflt_clz.o)
    0x00002f0c   0x00002f0c   0x00000026   Code   RO          231    x$fpl$ffltu         fz_ws.l(fflt_clz.o)
    0x00002f32   0x00002f32   0x00000002   PAD
    0x00002f34   0x00002f34   0x00000068   Code   RO          335    x$fpl$fgeqf         fz_ws.l(fgeqf.o)
    0x00002f9c   0x00002f9c   0x00000068   Code   RO          337    x$fpl$fleqf         fz_ws.l(fleqf.o)
    0x00003004   0x00003004   0x0000008c   Code   RO          339    x$fpl$fnaninf       fz_ws.l(fnaninf.o)
    0x00003090   0x00003090   0x0000000a   Code   RO          341    x$fpl$fretinf       fz_ws.l(fretinf.o)
    0x0000309a   0x0000309a   0x00000004   Code   RO          343    x$fpl$printf1       fz_ws.l(printf1.o)
    0x0000309e   0x0000309e   0x00000004   Code   RO          345    x$fpl$printf2       fz_ws.l(printf2.o)
    0x000030a2   0x000030a2   0x00000000   Code   RO          351    x$fpl$usenofp       fz_ws.l(usenofp.o)
    0x000030a2   0x000030a2   0x00000002   PAD
    0x000030a4   0x000030a4   0x00000008   Data   RO          255    .constdata          c_w.l(_printf_wctomb.o)
    0x000030ac   0x000030ac   0x00000028   Data   RO          284    .constdata          c_w.l(_printf_hex_int_ll_ptr.o)
    0x000030d4   0x000030d4   0x00000011   Data   RO          304    .constdata          c_w.l(__printf_flags_ss_wp.o)
    0x000030e5   0x000030e5   0x00000026   Data   RO          376    .constdata          c_w.l(_printf_fp_hex.o)
    0x0000310b   0x0000310b   0x00000001   PAD
    0x0000310c   0x0000310c   0x00000094   Data   RO          401    .constdata          c_w.l(bigflt0.o)
    0x000031a0   0x000031a0   0x00000008   Data   RO          149    .rodata.color_wheel  moduletest.o
    0x000031a8   0x000031a8   0x000000d4   Data   RO          153    .rodata.str1.1      moduletest.o
    0x0000327c   0x0000327c   0x00000080   Data   RO          194    .rodata.str1.1      i2cmain.o
    0x000032fc   0x000032fc   0x00000020   Data   RO          587    Region$$Table       anon$$obj.o
    0x0000331c   0x0000331c   0x0000001c   Data   RO          427    locale$$data        c_w.l(lc_numeric_c.o)
    0x00003338   0x00003338   0x00000110   Data   RO          449    locale$$data        c_w.l(lc_ctype_c.o)


    Execution Region ER_RW (Exec base: 0x20000000, Load base: 0x00003448, Size: 0x00000008, Max: 0xffffffff, ABSOLUTE)

    Exec Addr    Load Addr    Size         Type   Attr      Idx    E Section Name        Object

    0x20000000   0x00003448   0x00000004   Data   RW          152    .data.currentColor  moduletest.o
    0x20000004   0x0000344c   0x00000001   Data   RW          193    .data.mode          i2cmain.o


    Execution Region ER_ZI (Exec base: 0x20000008, Load base: 0x00003450, Size: 0x00000550, Max: 0xffffffff, ABSOLUTE)

    Exec Addr    Load Addr    Size         Type   Attr      Idx    E Section Name        Object

    0x20000008        -       0x00000060   Zero   RW          443    .bss                c_w.l(libspace.o)
    0x20000068        -       0x0000000c   Zero   RW          157    .bss.Angle_Instance  moduletest.o
    0x20000074        -       0x00000014   Zero   RW          154    .bss.RGB_COLOR      moduletest.o
    0x20000088        -       0x00000032   Zero   RW          160    .bss.angleBuf       moduletest.o
    0x200000ba        -       0x00000032   Zero   RW          161    .bss.colorBuf       moduletest.o
    0x200000ec        -       0x00000006   Zero   RW          159    .bss.colorString    moduletest.o
    0x200000f2        -       0x00000001   Zero   RW          151    .bss.ledColorIndex  moduletest.o
    0x200000f3        -       0x00000064   Zero   RW          158    .bss.printBuf       moduletest.o
    0x20000157   0x00003450   0x00000001   PAD
    0x20000158        -       0x00000000   Zero   RW            2    HEAP                startup.o
    0x20000158        -       0x00000400   Zero   RW            1    STACK               startup.o


==============================================================================

Image component sizes


      Code (inc. data)   RO Data    RW Data    ZI Data      Debug   Object Name

       438          0          0          0          0        618   buttonled.o
       394          0          0          0          0       1861   i2c.o
       198          0        128          1          0       1039   i2cmain.o
      1046         12        220          4        239       3799   moduletest.o
       692        632          0          0       1024        996   startup.o
       602          0          0          0          0       2790   tcs34727.o
       256          0          0          0          0       1343   uart0.o
       180          0          0          0          0       1067   util.o

    ----------------------------------------------------------------------
      3830        644        380          8       1264      13513   Object Totals
         0          0         32          0          0          0   (incl. Generated)
        24          0          0          3          1          0   (incl. Padding)

    ----------------------------------------------------------------------

      Code (inc. data)   RO Data    RW Data    ZI Data      Debug   Library Member Name

         8          0          0          0          0         68   __main.o
       392          4         17          0          0         92   __printf_flags_ss_wp.o
        14          0          0          0          0         68   __printf_wp.o
         0          0          0          0          0          0   __rtentry.o
        12          0          0          0          0          0   __rtentry2.o
         6          0          0          0          0          0   __rtentry4.o
        94          8          0          0          0          0   __scatter.o
        26          0          0          0          0          0   __scatter_copy.o
        28          0          0          0          0          0   __scatter_zi.o
        72          0          0          0          0         96   _c16rtomb.o
         6          0          0          0          0          0   _printf_a.o
         6          0          0          0          0          0   _printf_c.o
        44          0          0          0          0        108   _printf_char.o
        48          6          0          0          0         96   _printf_char_common.o
        40          0          0          0          0         68   _printf_charcount.o
         6          0          0          0          0          0   _printf_d.o
       120         16          0          0          0         92   _printf_dec.o
         6          0          0          0          0          0   _printf_e.o
         6          0          0          0          0          0   _printf_f.o
      1052          0          0          0          0        148   _printf_fp_dec.o
       764          8         38          0          0        100   _printf_fp_hex.o
       128         16          0          0          0         84   _printf_fp_infnan.o
         6          0          0          0          0          0   _printf_g.o
       148          4         40          0          0        160   _printf_hex_int_ll_ptr.o
         6          0          0          0          0          0   _printf_i.o
       178          0          0          0          0         88   _printf_intcommon.o
        10          0          0          0          0          0   _printf_l.o
         6          0          0          0          0          0   _printf_lc.o
        10          0          0          0          0          0   _printf_ll.o
         6          0          0          0          0          0   _printf_lld.o
         6          0          0          0          0          0   _printf_lli.o
         6          0          0          0          0          0   _printf_llo.o
         6          0          0          0          0          0   _printf_llu.o
         6          0          0          0          0          0   _printf_llx.o
       124         16          0          0          0         92   _printf_longlong_dec.o
         6          0          0          0          0          0   _printf_ls.o
         6          0          0          0          0          0   _printf_n.o
         6          0          0          0          0          0   _printf_o.o
       112          8          0          0          0        124   _printf_oct_int_ll.o
         6          0          0          0          0          0   _printf_p.o
        78          0          0          0          0        108   _printf_pad.o
         0          0          0          0          0          0   _printf_percent.o
         4          0          0          0          0          0   _printf_percent_end.o
         6          0          0          0          0          0   _printf_s.o
        82          0          0          0          0         80   _printf_str.o
        36          0          0          0          0         84   _printf_truncate.o
         6          0          0          0          0          0   _printf_u.o
        44          0          0          0          0        108   _printf_wchar.o
       188          6          8          0          0         92   _printf_wctomb.o
         6          0          0          0          0          0   _printf_x.o
        10          0          0          0          0         68   _sputc.o
       228          4        148          0          0         96   bigflt0.o
      1936        128          0          0          0        668   btod.o
        18          0          0          0          0         80   exit.o
         6          0          0          0          0        152   heapauxi.o
         0          0          0          0          0          0   indicate_semi.o
        44         10        272          0          0         76   lc_ctype_c.o
        44         10         28          0          0         76   lc_numeric_c.o
         2          0          0          0          0          0   libinit.o
        30          0          0          0          0          0   libinit2.o
         2          0          0          0          0          0   libshutdown.o
         2          0          0          0          0          0   libshutdown2.o
         8          4          0          0         96         68   libspace.o
       138          0          0          0          0         80   lludiv10.o
        16          4          0          0          0         76   rt_ctype_table.o
         8          4          0          0          0         68   rt_locale_intlibspace.o
         2          0          0          0          0          0   rtexit.o
        10          0          0          0          0          0   rtexit2.o
        44          6          0          0          0         84   sprintf.o
       124          0          0          0          0         88   strcmpv7em.o
        72          0          0          0          0         80   strcpy.o
        12          4          0          0          0         68   sys_exit.o
        74          0          0          0          0         80   sys_stackheap_outer.o
         2          0          0          0          0         68   use_no_semi.o
        94          4          0          0          0         92   dfix.o
       340         12          0          0          0        104   dmul.o
       156          4          0          0          0         92   dnaninf.o
        12          0          0          0          0         68   dretinf.o
        86          4          0          0          0         84   f2d.o
        84          0          0          0          0        196   fcmp.o
        24          0          0          0          0         68   fcmpi.o
       388         76          0          0          0         96   fdiv.o
       104          4          0          0          0         84   feqf.o
        86          0          0          0          0        136   fflt_clz.o
       104          4          0          0          0         84   fgeqf.o
       104          4          0          0          0         84   fleqf.o
       140          4          0          0          0         84   fnaninf.o
        10          0          0          0          0         68   fretinf.o
         4          0          0          0          0         68   printf1.o
         4          0          0          0          0         68   printf2.o
         0          0          0          0          0          0   usenofp.o
        40          0          0          0          0         68   fpclassify.o

    ----------------------------------------------------------------------
      8622        382        552          0         96       5476   Library Totals
        28          0          1          0          0          0   (incl. Padding)

    ----------------------------------------------------------------------

      Code (inc. data)   RO Data    RW Data    ZI Data      Debug   Library Name

      6814        266        551          0         96       3932   c_w.l
      1740        116          0          0          0       1476   fz_ws.l
        40          0          0          0          0         68   m_ws.l

    ----------------------------------------------------------------------
      8622        382        552          0         96       5476   Library Totals

    ----------------------------------------------------------------------

==============================================================================


      Code (inc. data)   RO Data    RW Data    ZI Data      Debug   

     12452       1026        932          8       1360      15969   Grand Totals
     12452       1026        932          8       1360      15969   ELF Image Totals
     12452       1026        932          8          0          0   ROM Totals

==============================================================================

    Total RO  Size (Code + RO Data)                13384 (  13.07kB)
    Total RW  Size (RW Data + ZI Data)              1368 (   1.34kB)
    Total ROM Size (Code + RO Data + RW Data)      13392 (  13.08kB)

==============================================================================

